Component: ARM Compiler 5.06 update 7 (build 960) Tool: armlink [4d3601]

==============================================================================

Section Cross References

    main.o(i.main) refers to bsp_ili9341_lcd.o(i.ILI9341_Init) for ILI9341_Init
    main.o(i.main) refers to fc_key.o(i.fc_init) for fc_init
    main.o(i.main) refers to nes_main.o(i.NES_MainLoop) for NES_MainLoop
    stm32f10x_it.o(i.TIM3_IRQHandler) refers to stm32f10x_it.o(.data) for SysTicks
    stm32f10x_it.o(i.TIM3_IRQHandler) refers to nes_main.o(.data) for FrameCounter
    stm32f10x_it.o(i.TIM3_IRQHandler) refers to joypad.o(.bss) for JoyPad
    stm32f10x_it.o(i.TIM3_IRQHandler) refers to stm32f10x_tim.o(i.TIM_GetITStatus) for TIM_GetITStatus
    stm32f10x_it.o(i.TIM3_IRQHandler) refers to fc_key.o(i.fc_read) for fc_read
    stm32f10x_it.o(i.TIM3_IRQHandler) refers to stm32f10x_tim.o(i.TIM_ClearITPendingBit) for TIM_ClearITPendingBit
    system_stm32f10x.o(i.SetSysClock) refers to system_stm32f10x.o(i.SetSysClockTo72) for SetSysClockTo72
    system_stm32f10x.o(i.SystemCoreClockUpdate) refers to system_stm32f10x.o(.data) for SystemCoreClock
    system_stm32f10x.o(i.SystemInit) refers to system_stm32f10x.o(i.SetSysClock) for SetSysClock
    fc_key.o(i.fc_init) refers to stm32f10x_rcc.o(i.RCC_APB2PeriphClockCmd) for RCC_APB2PeriphClockCmd
    fc_key.o(i.fc_init) refers to stm32f10x_gpio.o(i.GPIO_Init) for GPIO_Init
    fc_key.o(i.fc_init) refers to timer.o(i.TIM3_Config) for TIM3_Config
    fc_key.o(i.fc_read) refers to stm32f10x_gpio.o(i.GPIO_ReadInputDataBit) for GPIO_ReadInputDataBit
    bsp_ili9341_lcd.o(i.ILI9341_BackLED_Control) refers to stm32f10x_gpio.o(i.GPIO_ResetBits) for GPIO_ResetBits
    bsp_ili9341_lcd.o(i.ILI9341_BackLED_Control) refers to stm32f10x_gpio.o(i.GPIO_SetBits) for GPIO_SetBits
    bsp_ili9341_lcd.o(i.ILI9341_Clear) refers to bsp_ili9341_lcd.o(i.ILI9341_OpenWindow) for ILI9341_OpenWindow
    bsp_ili9341_lcd.o(i.ILI9341_Clear) refers to bsp_ili9341_lcd.o(i.ILI9341_FillColor) for ILI9341_FillColor
    bsp_ili9341_lcd.o(i.ILI9341_DrawCircle) refers to bsp_ili9341_lcd.o(i.ILI9341_SetPointPixel) for ILI9341_SetPointPixel
    bsp_ili9341_lcd.o(i.ILI9341_DrawLine) refers to bsp_ili9341_lcd.o(i.ILI9341_SetPointPixel) for ILI9341_SetPointPixel
    bsp_ili9341_lcd.o(i.ILI9341_DrawRectangle) refers to bsp_ili9341_lcd.o(i.ILI9341_OpenWindow) for ILI9341_OpenWindow
    bsp_ili9341_lcd.o(i.ILI9341_DrawRectangle) refers to bsp_ili9341_lcd.o(i.ILI9341_FillColor) for ILI9341_FillColor
    bsp_ili9341_lcd.o(i.ILI9341_DrawRectangle) refers to bsp_ili9341_lcd.o(i.ILI9341_DrawLine) for ILI9341_DrawLine
    bsp_ili9341_lcd.o(i.ILI9341_FSMC_Config) refers to stm32f10x_rcc.o(i.RCC_AHBPeriphClockCmd) for RCC_AHBPeriphClockCmd
    bsp_ili9341_lcd.o(i.ILI9341_FSMC_Config) refers to stm32f10x_fsmc.o(i.FSMC_NORSRAMInit) for FSMC_NORSRAMInit
    bsp_ili9341_lcd.o(i.ILI9341_FSMC_Config) refers to stm32f10x_fsmc.o(i.FSMC_NORSRAMCmd) for FSMC_NORSRAMCmd
    bsp_ili9341_lcd.o(i.ILI9341_FillColor) refers to bsp_ili9341_lcd.o(i.ILI9341_Write_Cmd) for ILI9341_Write_Cmd
    bsp_ili9341_lcd.o(i.ILI9341_FillColor) refers to bsp_ili9341_lcd.o(i.ILI9341_Write_Data) for ILI9341_Write_Data
    bsp_ili9341_lcd.o(i.ILI9341_GPIO_Config) refers to stm32f10x_rcc.o(i.RCC_APB2PeriphClockCmd) for RCC_APB2PeriphClockCmd
    bsp_ili9341_lcd.o(i.ILI9341_GPIO_Config) refers to stm32f10x_gpio.o(i.GPIO_Init) for GPIO_Init
    bsp_ili9341_lcd.o(i.ILI9341_GetPointPixel) refers to bsp_ili9341_lcd.o(i.ILI9341_SetCursor) for ILI9341_SetCursor
    bsp_ili9341_lcd.o(i.ILI9341_GetPointPixel) refers to bsp_ili9341_lcd.o(i.ILI9341_Read_PixelData) for ILI9341_Read_PixelData
    bsp_ili9341_lcd.o(i.ILI9341_GramScan) refers to bsp_ili9341_lcd.o(.data) for LCD_SCAN_MODE
    bsp_ili9341_lcd.o(i.ILI9341_GramScan) refers to bsp_ili9341_lcd.o(i.ILI9341_Write_Cmd) for ILI9341_Write_Cmd
    bsp_ili9341_lcd.o(i.ILI9341_GramScan) refers to bsp_ili9341_lcd.o(i.ILI9341_Write_Data) for ILI9341_Write_Data
    bsp_ili9341_lcd.o(i.ILI9341_Init) refers to bsp_ili9341_lcd.o(.data) for LCD_SCAN_MODE
    bsp_ili9341_lcd.o(i.ILI9341_Init) refers to bsp_ili9341_lcd.o(i.ILI9341_GPIO_Config) for ILI9341_GPIO_Config
    bsp_ili9341_lcd.o(i.ILI9341_Init) refers to bsp_ili9341_lcd.o(i.ILI9341_FSMC_Config) for ILI9341_FSMC_Config
    bsp_ili9341_lcd.o(i.ILI9341_Init) refers to bsp_ili9341_lcd.o(i.ILI9341_BackLED_Control) for ILI9341_BackLED_Control
    bsp_ili9341_lcd.o(i.ILI9341_Init) refers to bsp_ili9341_lcd.o(i.ILI9341_Reset) for ILI9341_Reset
    bsp_ili9341_lcd.o(i.ILI9341_Init) refers to bsp_ili9341_lcd.o(i.ILI9341_REG_Config) for ILI9341_REG_Config
    bsp_ili9341_lcd.o(i.ILI9341_Init) refers to bsp_ili9341_lcd.o(i.ILI9341_GramScan) for ILI9341_GramScan
    bsp_ili9341_lcd.o(i.ILI9341_Init) refers to bsp_ili9341_lcd.o(i.ILI9341_Clear) for ILI9341_Clear
    bsp_ili9341_lcd.o(i.ILI9341_OpenWindow) refers to bsp_ili9341_lcd.o(i.ILI9341_Write_Cmd) for ILI9341_Write_Cmd
[...]
    ppu.o(i.PPU_Init) refers to memseta.o(.text) for __aeabi_memclr4
    ppu.o(i.PPU_MemRead) refers to ppu.o(.bss) for PPU_Mem
    ppu.o(i.PPU_MemRead) refers to ppu.o(.data) for PPU_Reg
    ppu.o(i.PPU_MemRead) refers to ppu.o(i.PPU_NameTablesRead) for PPU_NameTablesRead
    ppu.o(i.PPU_MemWrite) refers to ppu.o(.bss) for PPU_Mem
    ppu.o(i.PPU_MemWrite) refers to ppu.o(.data) for PPU_Reg
    ppu.o(i.PPU_MemWrite) refers to ppu.o(i.PPU_NameTablesWrite) for PPU_NameTablesWrite
    ppu.o(i.PPU_NameTablesRead) refers to ppu.o(.bss) for PPU_Mem
    ppu.o(i.PPU_NameTablesWrite) refers to ppu.o(.bss) for PPU_Mem
    ppu.o(i.PPU_RegRead) refers to ppu.o(c.PPU_RegRead.00000008) for c.PPU_RegRead.00000008
    ppu.o(i.PPU_RegRead) refers to ppu.o(.data) for PPU_Reg
    ppu.o(i.PPU_RegRead) refers to ppu.o(.bss) for Spr_Mem
    ppu.o(i.PPU_RegRead) refers to ppu.o(i.PPU_MemRead) for PPU_MemRead
    ppu.o(i.PPU_RegWrite) refers to ppu.o(c.PPU_RegWrite.0000000a) for c.PPU_RegWrite.0000000a
    ppu.o(i.PPU_RegWrite) refers to ppu.o(.data) for PPU_Reg
    ppu.o(i.PPU_RegWrite) refers to ppu.o(.bss) for Spr_Mem
    ppu.o(i.PPU_RegWrite) refers to ppu.o(i.PPU_MemWrite) for PPU_MemWrite
    ppu.o(.constdata) refers to ppu.o(.bss) for Spr_Mem
    joypad.o(i.NES_GetJoyPadVlaue) refers to joypad.o(.bss) for JoyPad
    joypad.o(i.NES_JoyPadDisable) refers to joypad.o(.bss) for JoyPad
    joypad.o(i.NES_JoyPadInit) refers to joypad.o(.bss) for JoyPad
    joypad.o(i.NES_JoyPadReset) refers to joypad.o(.bss) for JoyPad
    entry.o(.ARM.Collect$$$$00000000) refers (Special) to entry10a.o(.ARM.Collect$$$$0000000F) for __rt_final_cpp
    entry.o(.ARM.Collect$$$$00000000) refers (Special) to entry11a.o(.ARM.Collect$$$$00000011) for __rt_final_exit
    entry.o(.ARM.Collect$$$$00000000) refers (Special) to entry12b.o(.ARM.Collect$$$$0000000E) for __rt_lib_shutdown_fini
    entry.o(.ARM.Collect$$$$00000000) refers (Special) to entry7b.o(.ARM.Collect$$$$00000008) for _main_clock
    entry.o(.ARM.Collect$$$$00000000) refers (Special) to entry8b.o(.ARM.Collect$$$$0000000A) for _main_cpp_init
    entry.o(.ARM.Collect$$$$00000000) refers (Special) to entry9a.o(.ARM.Collect$$$$0000000B) for _main_init
    entry.o(.ARM.Collect$$$$00000000) refers (Special) to entry5.o(.ARM.Collect$$$$00000004) for _main_scatterload
    entry.o(.ARM.Collect$$$$00000000) refers (Special) to entry2.o(.ARM.Collect$$$$00000001) for _main_stk
    entry2.o(.ARM.Collect$$$$00000001) refers to entry2.o(.ARM.Collect$$$$00002712) for __lit__00000000
    entry2.o(.ARM.Collect$$$$00002712) refers to startup_stm32f10x_hd.o(STACK) for __initial_sp
    entry2.o(__vectab_stack_and_reset_area) refers to startup_stm32f10x_hd.o(STACK) for __initial_sp
    entry2.o(__vectab_stack_and_reset_area) refers to entry.o(.ARM.Collect$$$$00000000) for __main
    entry5.o(.ARM.Collect$$$$00000004) refers to init.o(.text) for __scatterload
    entry9a.o(.ARM.Collect$$$$0000000B) refers to main.o(i.main) for main
    entry9b.o(.ARM.Collect$$$$0000000C) refers to main.o(i.main) for main
    init.o(.text) refers to entry5.o(.ARM.Collect$$$$00000004) for __main_after_scatterload


==============================================================================

Removing Unused input sections from the image.

    Removing system_stm32f10x.o(i.SystemCoreClockUpdate), (262 bytes).
    Removing system_stm32f10x.o(.data), (20 bytes).
    Removing fc_key.o(i.delay), (32 bytes).
    Removing bsp_ili9341_lcd.o(i.ILI9341_DrawCircle), (312 bytes).
    Removing bsp_ili9341_lcd.o(i.ILI9341_DrawLine), (160 bytes).
    Removing bsp_ili9341_lcd.o(i.ILI9341_DrawRectangle), (130 bytes).
    Removing bsp_ili9341_lcd.o(i.ILI9341_GetPointPixel), (24 bytes).
    Removing bsp_ili9341_lcd.o(i.ILI9341_Read_PixelData), (54 bytes).
    Removing bsp_ili9341_lcd.o(i.ILI9341_SetCursor), (20 bytes).
    Removing bsp_ili9341_lcd.o(i.ILI9341_SetPointPixel), (52 bytes).
    Removing delay.o(i.delay_init), (74 bytes).
    Removing delay.o(i.delay_ms), (78 bytes).
    Removing delay.o(i.delay_us), (78 bytes).
    Removing delay.o(.data), (4 bytes).
    Removing sys.o(i.NVIC_Configuration), (12 bytes).
    Removing core_cm3.o(.emb_text), (32 bytes).
    Removing startup_stm32f10x_hd.o(HEAP), (512 bytes).
    Removing stm32f10x_gpio.o(i.GPIO_AFIODeInit), (20 bytes).
    Removing stm32f10x_gpio.o(i.GPIO_DeInit), (214 bytes).
    Removing stm32f10x_gpio.o(i.GPIO_ETH_MediaInterfaceConfig), (10 bytes).
    Removing stm32f10x_gpio.o(i.GPIO_EXTILineConfig), (72 bytes).
    Removing stm32f10x_gpio.o(i.GPIO_EventOutputCmd), (10 bytes).
    Removing stm32f10x_gpio.o(i.GPIO_EventOutputConfig), (34 bytes).
    Removing stm32f10x_gpio.o(i.GPIO_PinLockConfig), (18 bytes).
    Removing stm32f10x_gpio.o(i.GPIO_PinRemapConfig), (162 bytes).
    Removing stm32f10x_gpio.o(i.GPIO_ReadInputData), (8 bytes).
    Removing stm32f10x_gpio.o(i.GPIO_ReadOutputData), (8 bytes).
    Removing stm32f10x_gpio.o(i.GPIO_ReadOutputDataBit), (18 bytes).
    Removing stm32f10x_gpio.o(i.GPIO_StructInit), (16 bytes).
    Removing stm32f10x_gpio.o(i.GPIO_Write), (4 bytes).
    Removing stm32f10x_gpio.o(i.GPIO_WriteBit), (10 bytes).
    Removing stm32f10x_rcc.o(i.RCC_ADCCLKConfig), (24 bytes).
    Removing stm32f10x_rcc.o(i.RCC_APB1PeriphResetCmd), (50 bytes).
    Removing stm32f10x_rcc.o(i.RCC_APB2PeriphResetCmd), (50 bytes).
    Removing stm32f10x_rcc.o(i.RCC_AdjustHSICalibrationValue), (26 bytes).
    Removing stm32f10x_rcc.o(i.RCC_BackupResetCmd), (12 bytes).
    Removing stm32f10x_rcc.o(i.RCC_ClearFlag), (26 bytes).
    Removing stm32f10x_rcc.o(i.RCC_ClearITPendingBit), (12 bytes).
    Removing stm32f10x_rcc.o(i.RCC_ClockSecuritySystemCmd), (10 bytes).
    Removing stm32f10x_rcc.o(i.RCC_DeInit), (88 bytes).
    Removing stm32f10x_rcc.o(i.RCC_GetClocksFreq), (300 bytes).
    Removing stm32f10x_rcc.o(i.RCC_GetFlagStatus), (74 bytes).
    Removing stm32f10x_rcc.o(i.RCC_GetITStatus), (26 bytes).
    Removing stm32f10x_rcc.o(i.RCC_GetSYSCLKSource), (16 bytes).
    Removing stm32f10x_rcc.o(i.RCC_HCLKConfig), (24 bytes).
    Removing stm32f10x_rcc.o(i.RCC_HSEConfig), (106 bytes).
    Removing stm32f10x_rcc.o(i.RCC_HSICmd), (10 bytes).
    Removing stm32f10x_rcc.o(i.RCC_ITConfig), (50 bytes).
    Removing stm32f10x_rcc.o(i.RCC_LSEConfig), (68 bytes).
    Removing stm32f10x_rcc.o(i.RCC_LSICmd), (12 bytes).
    Removing stm32f10x_rcc.o(i.RCC_MCOConfig), (12 bytes).
    Removing stm32f10x_rcc.o(i.RCC_PCLK1Config), (24 bytes).
    Removing stm32f10x_rcc.o(i.RCC_PCLK2Config), (26 bytes).
    Removing stm32f10x_rcc.o(i.RCC_PLLCmd), (10 bytes).
    Removing stm32f10x_rcc.o(i.RCC_PLLConfig), (36 bytes).
    Removing stm32f10x_rcc.o(i.RCC_RTCCLKCmd), (12 bytes).
    Removing stm32f10x_rcc.o(i.RCC_RTCCLKConfig), (24 bytes).
    Removing stm32f10x_rcc.o(i.RCC_SYSCLKConfig), (24 bytes).
    Removing stm32f10x_rcc.o(i.RCC_USBCLKConfig), (10 bytes).
    Removing stm32f10x_rcc.o(i.RCC_WaitForHSEStartUp), (56 bytes).
    Removing stm32f10x_rcc.o(.data), (20 bytes).
    Removing stm32f10x_usart.o(i.USART_ClearFlag), (18 bytes).
    Removing stm32f10x_usart.o(i.USART_ClearITPendingBit), (30 bytes).
    Removing stm32f10x_usart.o(i.USART_ClockInit), (34 bytes).
    Removing stm32f10x_usart.o(i.USART_ClockStructInit), (12 bytes).
    Removing stm32f10x_usart.o(i.USART_Cmd), (24 bytes).
    Removing stm32f10x_usart.o(i.USART_DMACmd), (18 bytes).
    Removing stm32f10x_usart.o(i.USART_DeInit), (164 bytes).
    Removing stm32f10x_usart.o(i.USART_GetFlagStatus), (26 bytes).
    Removing stm32f10x_usart.o(i.USART_GetITStatus), (84 bytes).
    Removing stm32f10x_usart.o(i.USART_HalfDuplexCmd), (24 bytes).
    Removing stm32f10x_usart.o(i.USART_ITConfig), (74 bytes).
    Removing stm32f10x_usart.o(i.USART_Init), (216 bytes).
    Removing stm32f10x_usart.o(i.USART_IrDACmd), (24 bytes).
    Removing stm32f10x_usart.o(i.USART_IrDAConfig), (18 bytes).
    Removing stm32f10x_usart.o(i.USART_LINBreakDetectLengthConfig), (18 bytes).
    Removing stm32f10x_usart.o(i.USART_LINCmd), (24 bytes).
    Removing stm32f10x_usart.o(i.USART_OneBitMethodCmd), (24 bytes).
    Removing stm32f10x_usart.o(i.USART_OverSampling8Cmd), (22 bytes).
    Removing stm32f10x_usart.o(i.USART_ReceiveData), (10 bytes).
    Removing stm32f10x_usart.o(i.USART_ReceiverWakeUpCmd), (24 bytes).
    Removing stm32f10x_usart.o(i.USART_SendBreak), (10 bytes).
    Removing stm32f10x_usart.o(i.USART_SendData), (8 bytes).
    Removing stm32f10x_usart.o(i.USART_SetAddress), (18 bytes).
    Removing stm32f10x_usart.o(i.USART_SetGuardTime), (16 bytes).
    Removing stm32f10x_usart.o(i.USART_SetPrescaler), (16 bytes).
    Removing stm32f10x_usart.o(i.USART_SmartCardCmd), (24 bytes).
    Removing stm32f10x_usart.o(i.USART_SmartCardNACKCmd), (24 bytes).
    Removing stm32f10x_usart.o(i.USART_StructInit), (24 bytes).
    Removing stm32f10x_usart.o(i.USART_WakeUpConfig), (18 bytes).
    Removing misc.o(i.NVIC_SetVectorTable), (22 bytes).
    Removing misc.o(i.NVIC_SystemLPConfig), (50 bytes).
    Removing misc.o(i.SysTick_CLKSourceConfig), (40 bytes).
    Removing stm32f10x_fsmc.o(i.FSMC_ClearFlag), (66 bytes).
    Removing stm32f10x_fsmc.o(i.FSMC_ClearITPendingBit), (72 bytes).
    Removing stm32f10x_fsmc.o(i.FSMC_GetECC), (26 bytes).
    Removing stm32f10x_fsmc.o(i.FSMC_GetFlagStatus), (58 bytes).
    Removing stm32f10x_fsmc.o(i.FSMC_GetITStatus), (68 bytes).
    Removing stm32f10x_fsmc.o(i.FSMC_ITConfig), (136 bytes).
    Removing stm32f10x_fsmc.o(i.FSMC_NANDCmd), (98 bytes).
    Removing stm32f10x_fsmc.o(i.FSMC_NANDDeInit), (68 bytes).
    Removing stm32f10x_fsmc.o(i.FSMC_NANDECCCmd), (98 bytes).
    Removing stm32f10x_fsmc.o(i.FSMC_NANDInit), (138 bytes).
    Removing stm32f10x_fsmc.o(i.FSMC_NANDStructInit), (54 bytes).
    Removing stm32f10x_fsmc.o(i.FSMC_NORSRAMDeInit), (54 bytes).
    Removing stm32f10x_fsmc.o(i.FSMC_NORSRAMStructInit), (114 bytes).
    Removing stm32f10x_fsmc.o(i.FSMC_PCCARDCmd), (50 bytes).
    Removing stm32f10x_fsmc.o(i.FSMC_PCCARDDeInit), (40 bytes).
    Removing stm32f10x_fsmc.o(i.FSMC_PCCARDInit), (136 bytes).
    Removing stm32f10x_fsmc.o(i.FSMC_PCCARDStructInit), (60 bytes).
    Removing stm32f10x_tim.o(i.TI1_Config), (138 bytes).
    Removing stm32f10x_tim.o(i.TI2_Config), (160 bytes).
    Removing stm32f10x_tim.o(i.TI3_Config), (152 bytes).
    Removing stm32f10x_tim.o(i.TI4_Config), (160 bytes).
    Removing stm32f10x_tim.o(i.TIM_ARRPreloadConfig), (24 bytes).
    Removing stm32f10x_tim.o(i.TIM_BDTRConfig), (32 bytes).
    Removing stm32f10x_tim.o(i.TIM_BDTRStructInit), (18 bytes).
    Removing stm32f10x_tim.o(i.TIM_CCPreloadControl), (24 bytes).
    Removing stm32f10x_tim.o(i.TIM_CCxCmd), (30 bytes).
    Removing stm32f10x_tim.o(i.TIM_CCxNCmd), (30 bytes).
    Removing stm32f10x_tim.o(i.TIM_ClearFlag), (6 bytes).
    Removing stm32f10x_tim.o(i.TIM_ClearOC1Ref), (18 bytes).
    Removing stm32f10x_tim.o(i.TIM_ClearOC2Ref), (24 bytes).
    Removing stm32f10x_tim.o(i.TIM_ClearOC3Ref), (18 bytes).
    Removing stm32f10x_tim.o(i.TIM_ClearOC4Ref), (24 bytes).
    Removing stm32f10x_tim.o(i.TIM_CounterModeConfig), (18 bytes).
    Removing stm32f10x_tim.o(i.TIM_CtrlPWMOutputs), (30 bytes).
    Removing stm32f10x_tim.o(i.TIM_DMACmd), (18 bytes).
    Removing stm32f10x_tim.o(i.TIM_DMAConfig), (10 bytes).
    Removing stm32f10x_tim.o(i.TIM_DeInit), (520 bytes).
    Removing stm32f10x_tim.o(i.TIM_ETRClockMode1Config), (54 bytes).
    Removing stm32f10x_tim.o(i.TIM_ETRClockMode2Config), (32 bytes).
    Removing stm32f10x_tim.o(i.TIM_ETRConfig), (28 bytes).
    Removing stm32f10x_tim.o(i.TIM_EncoderInterfaceConfig), (66 bytes).
    Removing stm32f10x_tim.o(i.TIM_ForcedOC1Config), (18 bytes).
    Removing stm32f10x_tim.o(i.TIM_ForcedOC2Config), (26 bytes).
    Removing stm32f10x_tim.o(i.TIM_ForcedOC3Config), (18 bytes).
    Removing stm32f10x_tim.o(i.TIM_ForcedOC4Config), (26 bytes).
    Removing stm32f10x_tim.o(i.TIM_GenerateEvent), (4 bytes).
    Removing stm32f10x_tim.o(i.TIM_GetCapture1), (6 bytes).
    Removing stm32f10x_tim.o(i.TIM_GetCapture2), (6 bytes).
    Removing stm32f10x_tim.o(i.TIM_GetCapture3), (6 bytes).
    Removing stm32f10x_tim.o(i.TIM_GetCapture4), (8 bytes).
    Removing stm32f10x_tim.o(i.TIM_GetCounter), (6 bytes).
    Removing stm32f10x_tim.o(i.TIM_GetFlagStatus), (18 bytes).
    Removing stm32f10x_tim.o(i.TIM_GetPrescaler), (6 bytes).
    Removing stm32f10x_tim.o(i.TIM_ICInit), (180 bytes).
    Removing stm32f10x_tim.o(i.TIM_ICStructInit), (18 bytes).
    Removing stm32f10x_tim.o(i.TIM_ITRxExternalClockConfig), (24 bytes).
    Removing stm32f10x_tim.o(i.TIM_InternalClockConfig), (12 bytes).
    Removing stm32f10x_tim.o(i.TIM_OC1FastConfig), (18 bytes).
    Removing stm32f10x_tim.o(i.TIM_OC1Init), (162 bytes).
    Removing stm32f10x_tim.o(i.TIM_OC1NPolarityConfig), (18 bytes).
    Removing stm32f10x_tim.o(i.TIM_OC1PolarityConfig), (18 bytes).
    Removing stm32f10x_tim.o(i.TIM_OC1PreloadConfig), (18 bytes).
    Removing stm32f10x_tim.o(i.TIM_OC2FastConfig), (26 bytes).
    Removing stm32f10x_tim.o(i.TIM_OC2Init), (166 bytes).
    Removing stm32f10x_tim.o(i.TIM_OC2NPolarityConfig), (26 bytes).
    Removing stm32f10x_tim.o(i.TIM_OC2PolarityConfig), (26 bytes).
    Removing stm32f10x_tim.o(i.TIM_OC2PreloadConfig), (26 bytes).
    Removing stm32f10x_tim.o(i.TIM_OC3FastConfig), (18 bytes).
    Removing stm32f10x_tim.o(i.TIM_OC3Init), (162 bytes).
    Removing stm32f10x_tim.o(i.TIM_OC3NPolarityConfig), (26 bytes).
    Removing stm32f10x_tim.o(i.TIM_OC3PolarityConfig), (26 bytes).
    Removing stm32f10x_tim.o(i.TIM_OC3PreloadConfig), (18 bytes).
    Removing stm32f10x_tim.o(i.TIM_OC4FastConfig), (26 bytes).
    Removing stm32f10x_tim.o(i.TIM_OC4Init), (126 bytes).
    Removing stm32f10x_tim.o(i.TIM_OC4PolarityConfig), (26 bytes).
    Removing stm32f10x_tim.o(i.TIM_OC4PreloadConfig), (26 bytes).
    Removing stm32f10x_tim.o(i.TIM_OCStructInit), (20 bytes).
    Removing stm32f10x_tim.o(i.TIM_PWMIConfig), (124 bytes).
    Removing stm32f10x_tim.o(i.TIM_PrescalerConfig), (6 bytes).
    Removing stm32f10x_tim.o(i.TIM_SelectCCDMA), (24 bytes).
    Removing stm32f10x_tim.o(i.TIM_SelectCOM), (24 bytes).
    Removing stm32f10x_tim.o(i.TIM_SelectHallSensor), (24 bytes).
    Removing stm32f10x_tim.o(i.TIM_SelectInputTrigger), (18 bytes).
    Removing stm32f10x_tim.o(i.TIM_SelectMasterSlaveMode), (18 bytes).
    Removing stm32f10x_tim.o(i.TIM_SelectOCxM), (82 bytes).
    Removing stm32f10x_tim.o(i.TIM_SelectOnePulseMode), (18 bytes).
    Removing stm32f10x_tim.o(i.TIM_SelectOutputTrigger), (18 bytes).
    Removing stm32f10x_tim.o(i.TIM_SelectSlaveMode), (18 bytes).
    Removing stm32f10x_tim.o(i.TIM_SetAutoreload), (4 bytes).
    Removing stm32f10x_tim.o(i.TIM_SetClockDivision), (18 bytes).
    Removing stm32f10x_tim.o(i.TIM_SetCompare1), (4 bytes).
    Removing stm32f10x_tim.o(i.TIM_SetCompare2), (4 bytes).
    Removing stm32f10x_tim.o(i.TIM_SetCompare3), (4 bytes).
    Removing stm32f10x_tim.o(i.TIM_SetCompare4), (6 bytes).
    Removing stm32f10x_tim.o(i.TIM_SetCounter), (4 bytes).
    Removing stm32f10x_tim.o(i.TIM_SetIC1Prescaler), (18 bytes).
    Removing stm32f10x_tim.o(i.TIM_SetIC2Prescaler), (26 bytes).
    Removing stm32f10x_tim.o(i.TIM_SetIC3Prescaler), (18 bytes).
    Removing stm32f10x_tim.o(i.TIM_SetIC4Prescaler), (26 bytes).
    Removing stm32f10x_tim.o(i.TIM_TIxExternalClockConfig), (62 bytes).
    Removing stm32f10x_tim.o(i.TIM_TimeBaseStructInit), (18 bytes).
    Removing stm32f10x_tim.o(i.TIM_UpdateDisableConfig), (24 bytes).
    Removing stm32f10x_tim.o(i.TIM_UpdateRequestConfig), (24 bytes).
    Removing stm32f10x_dma.o(i.DMA_ClearFlag), (28 bytes).
    Removing stm32f10x_dma.o(i.DMA_ClearITPendingBit), (28 bytes).
    Removing stm32f10x_dma.o(i.DMA_Cmd), (24 bytes).
    Removing stm32f10x_dma.o(i.DMA_DeInit), (422 bytes).
    Removing stm32f10x_dma.o(i.DMA_GetCurrDataCounter), (8 bytes).
    Removing stm32f10x_dma.o(i.DMA_GetFlagStatus), (46 bytes).
    Removing stm32f10x_dma.o(i.DMA_GetITStatus), (46 bytes).
    Removing stm32f10x_dma.o(i.DMA_ITConfig), (18 bytes).
    Removing stm32f10x_dma.o(i.DMA_Init), (62 bytes).
    Removing stm32f10x_dma.o(i.DMA_SetCurrDataCounter), (4 bytes).
    Removing stm32f10x_dma.o(i.DMA_StructInit), (26 bytes).
    Removing bsp_ili9341_lcd.o(i.ILI9341_Read_Data), (10 bytes).

208 unused section(s) (total 10542 bytes) removed from the image.

==============================================================================

Image Symbol Table

    Local Symbols

    Symbol Name                              Value     Ov Type        Size  Object(Section)

    ../clib/microlib/init/entry.s            0x00000000   Number         0  entry7a.o ABSOLUTE
    ../clib/microlib/init/entry.s            0x00000000   Number         0  entry10b.o ABSOLUTE
    ../clib/microlib/init/entry.s            0x00000000   Number         0  entry11a.o ABSOLUTE
    ../clib/microlib/init/entry.s            0x00000000   Number         0  entry11b.o ABSOLUTE
    ../clib/microlib/init/entry.s            0x00000000   Number         0  entry12a.o ABSOLUTE
    ../clib/microlib/init/entry.s            0x00000000   Number         0  entry8b.o ABSOLUTE
    ../clib/microlib/init/entry.s            0x00000000   Number         0  entry8a.o ABSOLUTE
    ../clib/microlib/init/entry.s            0x00000000   Number         0  entry7b.o ABSOLUTE
    ../clib/microlib/init/entry.s            0x00000000   Number         0  entry5.o ABSOLUTE
    ../clib/microlib/init/entry.s            0x00000000   Number         0  entry9a.o ABSOLUTE
    ../clib/microlib/init/entry.s            0x00000000   Number         0  entry12b.o ABSOLUTE
    ../clib/microlib/init/entry.s            0x00000000   Number         0  entry2.o ABSOLUTE
    ../clib/microlib/init/entry.s            0x00000000   Number         0  entry.o ABSOLUTE
    ../clib/microlib/init/entry.s            0x00000000   Number         0  entry10a.o ABSOLUTE
    ../clib/microlib/init/entry.s            0x00000000   Number         0  entry9b.o ABSOLUTE
    ../clib/microlib/string/memset.c         0x00000000   Number         0  memseta.o ABSOLUTE
    ..\CORE\core_cm3.c                       0x00000000   Number         0  core_cm3.o ABSOLUTE
    ..\CORE\startup_stm32f10x_hd.s           0x00000000   Number         0  startup_stm32f10x_hd.o ABSOLUTE
    ..\HARDWARE\FC_key\fc_key.c              0x00000000   Number         0  fc_key.o ABSOLUTE
    ..\HARDWARE\FC_key\timer.c               0x00000000   Number         0  timer.o ABSOLUTE
    ..\HARDWARE\LCD\bsp_ili9341_lcd.c        0x00000000   Number         0  bsp_ili9341_lcd.o ABSOLUTE
    ..\NES\6502.C                            0x00000000   Number         0  6502.o ABSOLUTE
    ..\NES\JoyPad.c                          0x00000000   Number         0  joypad.o ABSOLUTE
    ..\NES\PPU.c                             0x00000000   Number         0  ppu.o ABSOLUTE
    ..\NES\ROM__MARIO.c                      0x00000000   Number         0  rom__mario.o ABSOLUTE
    ..\NES\nes_main.c                        0x00000000   Number         0  nes_main.o ABSOLUTE
    ..\STM32F10x_FWLib\src\misc.c            0x00000000   Number         0  misc.o ABSOLUTE
    ..\STM32F10x_FWLib\src\stm32f10x_dma.c   0x00000000   Number         0  stm32f10x_dma.o ABSOLUTE
    ..\STM32F10x_FWLib\src\stm32f10x_fsmc.c  0x00000000   Number         0  stm32f10x_fsmc.o ABSOLUTE
    ..\STM32F10x_FWLib\src\stm32f10x_gpio.c  0x00000000   Number         0  stm32f10x_gpio.o ABSOLUTE
    ..\STM32F10x_FWLib\src\stm32f10x_rcc.c   0x00000000   Number         0  stm32f10x_rcc.o ABSOLUTE
    ..\STM32F10x_FWLib\src\stm32f10x_tim.c   0x00000000   Number         0  stm32f10x_tim.o ABSOLUTE
    ..\STM32F10x_FWLib\src\stm32f10x_usart.c 0x00000000   Number         0  stm32f10x_usart.o ABSOLUTE
    ..\SYSTEM\delay\delay.c                  0x00000000   Number         0  delay.o ABSOLUTE
    ..\SYSTEM\sys\sys.c                      0x00000000   Number         0  sys.o ABSOLUTE
    ..\\CORE\\core_cm3.c                     0x00000000   Number         0  core_cm3.o ABSOLUTE
    dc.s                                     0x00000000   Number         0  dc.o ABSOLUTE
    handlers.s                               0x00000000   Number         0  handlers.o ABSOLUTE
    init.s                                   0x00000000   Number         0  init.o ABSOLUTE
    main.c                                   0x00000000   Number         0  main.o ABSOLUTE
    stm32f10x_it.c                           0x00000000   Number         0  stm32f10x_it.o ABSOLUTE
    system_stm32f10x.c                       0x00000000   Number         0  system_stm32f10x.o ABSOLUTE
    RESET                                    0x08000000   Section      304  startup_stm32f10x_hd.o(RESET)
    .ARM.Collect$$$$00000000                 0x08000130   Section        0  entry.o(.ARM.Collect$$$$00000000)
    .ARM.Collect$$$$00000001                 0x08000130   Section        4  entry2.o(.ARM.Collect$$$$00000001)
    .ARM.Collect$$$$00000004                 0x08000134   Section        4  entry5.o(.ARM.Collect$$$$00000004)
    .ARM.Collect$$$$00000008                 0x08000138   Section        0  entry7b.o(.ARM.Collect$$$$00000008)
    .ARM.Collect$$$$0000000A                 0x08000138   Section        0  entry8b.o(.ARM.Collect$$$$0000000A)
    .ARM.Collect$$$$0000000B                 0x08000138   Section        8  entry9a.o(.ARM.Collect$$$$0000000B)
    .ARM.Collect$$$$0000000E                 0x08000140   Section        4  entry12b.o(.ARM.Collect$$$$0000000E)
    .ARM.Collect$$$$0000000F                 0x08000144   Section        0  entry10a.o(.ARM.Collect$$$$0000000F)
    .ARM.Collect$$$$00000011                 0x08000144   Section        0  entry11a.o(.ARM.Collect$$$$00000011)
    .ARM.Collect$$$$00002712                 0x08000144   Section        4  entry2.o(.ARM.Collect$$$$00002712)
    __lit__00000000                          0x08000144   Data           4  entry2.o(.ARM.Collect$$$$00002712)
    .text                                    0x08000148   Section       36  startup_stm32f10x_hd.o(.text)
    .text                                    0x0800016c   Section        0  memseta.o(.text)
    .text                                    0x08000190   Section       36  init.o(.text)
    i.BusFault_Handler                       0x080001b4   Section        0  stm32f10x_it.o(i.BusFault_Handler)
    i.DebugMon_Handler                       0x080001b8   Section        0  stm32f10x_it.o(i.DebugMon_Handler)
    i.FSMC_NORSRAMCmd                        0x080001ba   Section        0  stm32f10x_fsmc.o(i.FSMC_NORSRAMCmd)
    i.FSMC_NORSRAMInit                       0x080001ec   Section        0  stm32f10x_fsmc.o(i.FSMC_NORSRAMInit)
    i.GPIO_Init                              0x080002d2   Section        0  stm32f10x_gpio.o(i.GPIO_Init)
    i.GPIO_ReadInputDataBit                  0x080003e8   Section        0  stm32f10x_gpio.o(i.GPIO_ReadInputDataBit)
    i.GPIO_ResetBits                         0x080003fa   Section        0  stm32f10x_gpio.o(i.GPIO_ResetBits)
    i.GPIO_SetBits                           0x080003fe   Section        0  stm32f10x_gpio.o(i.GPIO_SetBits)
    i.HardFault_Handler                      0x08000402   Section        0  stm32f10x_it.o(i.HardFault_Handler)
    i.ILI9341_BackLED_Control                0x08000406   Section        0  bsp_ili9341_lcd.o(i.ILI9341_BackLED_Control)
    i.ILI9341_Clear                          0x08000430   Section        0  bsp_ili9341_lcd.o(i.ILI9341_Clear)
    i.ILI9341_Delay                          0x08000458   Section        0  bsp_ili9341_lcd.o(i.ILI9341_Delay)
    ILI9341_Delay                            0x08000459   Thumb Code    18  bsp_ili9341_lcd.o(i.ILI9341_Delay)
    i.ILI9341_FSMC_Config                    0x0800046a   Section        0  bsp_ili9341_lcd.o(i.ILI9341_FSMC_Config)
    ILI9341_FSMC_Config                      0x0800046b   Thumb Code    94  bsp_ili9341_lcd.o(i.ILI9341_FSMC_Config)
    i.ILI9341_FillColor                      0x080004c8   Section        0  bsp_ili9341_lcd.o(i.ILI9341_FillColor)
    ILI9341_FillColor                        0x080004c9   Thumb Code    32  bsp_ili9341_lcd.o(i.ILI9341_FillColor)
    i.ILI9341_GPIO_Config                    0x080004e8   Section        0  bsp_ili9341_lcd.o(i.ILI9341_GPIO_Config)
    ILI9341_GPIO_Config                      0x080004e9   Thumb Code   530  bsp_ili9341_lcd.o(i.ILI9341_GPIO_Config)
    i.ILI9341_GramScan                       0x080006fa   Section        0  bsp_ili9341_lcd.o(i.ILI9341_GramScan)
    i.ILI9341_Init                           0x08000766   Section        0  bsp_ili9341_lcd.o(i.ILI9341_Init)
    i.ILI9341_OpenWindow                     0x080007b2   Section        0  bsp_ili9341_lcd.o(i.ILI9341_OpenWindow)
    i.ILI9341_REG_Config                     0x08000812   Section        0  bsp_ili9341_lcd.o(i.ILI9341_REG_Config)
    ILI9341_REG_Config                       0x08000813   Thumb Code   562  bsp_ili9341_lcd.o(i.ILI9341_REG_Config)
    i.ILI9341_Reset                          0x08000a44   Section        0  bsp_ili9341_lcd.o(i.ILI9341_Reset)
    i.ILI9341_Write_Cmd                      0x08000a74   Section        0  bsp_ili9341_lcd.o(i.ILI9341_Write_Cmd)
    i.ILI9341_Write_Data                     0x08000a7c   Section        0  bsp_ili9341_lcd.o(i.ILI9341_Write_Data)
    i.MemManage_Handler                      0x08000a86   Section        0  stm32f10x_it.o(i.MemManage_Handler)
    i.NES_FrameCycle                         0x08000a8a   Section        0  nes_main.o(i.NES_FrameCycle)
    i.NES_GetJoyPadVlaue                     0x08000c3e   Section        0  joypad.o(i.NES_GetJoyPadVlaue)
    i.NES_GetSpr0HitFlag                     0x08000c9e   Section        0  ppu.o(i.NES_GetSpr0HitFlag)
    i.NES_JoyPadDisable                      0x08000fa4   Section        0  joypad.o(i.NES_JoyPadDisable)
    i.NES_JoyPadInit                         0x08000fb4   Section        0  joypad.o(i.NES_JoyPadInit)
    i.NES_JoyPadReset                        0x08000fd2   Section        0  joypad.o(i.NES_JoyPadReset)
    i.NES_LCD_Clear                          0x08000ff4   Section        0  ppu.o(i.NES_LCD_Clear)
    i.NES_LCD_ClearLine                      0x08001092   Section        0  ppu.o(i.NES_LCD_ClearLine)
    i.NES_LCD_RenderLine                     0x080010ea   Section        0  ppu.o(i.NES_LCD_RenderLine)
    i.NES_MainLoop                           0x0800114c   Section        0  nes_main.o(i.NES_MainLoop)
    i.NES_RenderBGLine                       0x08001188   Section        0  ppu.o(i.NES_RenderBGLine)
    i.NES_RenderLine                         0x080013c4   Section        0  ppu.o(i.NES_RenderLine)
    i.NES_RenderSprPattern                   0x080015c6   Section        0  ppu.o(i.NES_RenderSprPattern)
    i.NES_RenderSprite16                     0x08001702   Section        0  ppu.o(i.NES_RenderSprite16)
    i.NES_RenderSprite88                     0x08001784   Section        0  ppu.o(i.NES_RenderSprite88)
    i.NMI_Handler                            0x080017c2   Section        0  stm32f10x_it.o(i.NMI_Handler)
    i.NVIC_Init                              0x080017c4   Section        0  misc.o(i.NVIC_Init)
    i.NVIC_PriorityGroupConfig               0x0800183a   Section        0  misc.o(i.NVIC_PriorityGroupConfig)
    i.PPU_Init                               0x0800184e   Section        0  ppu.o(i.PPU_Init)
    i.PPU_MemRead                            0x0800192a   Section        0  ppu.o(i.PPU_MemRead)
    i.PPU_MemWrite                           0x08001a4a   Section        0  ppu.o(i.PPU_MemWrite)
    i.PPU_NameTablesRead                     0x08001b38   Section        0  ppu.o(i.PPU_NameTablesRead)
    i.PPU_NameTablesWrite                    0x08001b9c   Section        0  ppu.o(i.PPU_NameTablesWrite)
    i.PPU_RegRead                            0x08001c04   Section        0  ppu.o(i.PPU_RegRead)
    i.PPU_RegWrite                           0x08001cd4   Section        0  ppu.o(i.PPU_RegWrite)
    i.PendSV_Handler                         0x08001dba   Section        0  stm32f10x_it.o(i.PendSV_Handler)
    i.RCC_AHBPeriphClockCmd                  0x08001dbc   Section        0  stm32f10x_rcc.o(i.RCC_AHBPeriphClockCmd)
    i.RCC_APB1PeriphClockCmd                 0x08001dee   Section        0  stm32f10x_rcc.o(i.RCC_APB1PeriphClockCmd)
    i.RCC_APB2PeriphClockCmd                 0x08001e20   Section        0  stm32f10x_rcc.o(i.RCC_APB2PeriphClockCmd)
    i.SVC_Handler                            0x08001e52   Section        0  stm32f10x_it.o(i.SVC_Handler)
    i.SetSysClock                            0x08001e54   Section        0  system_stm32f10x.o(i.SetSysClock)
    SetSysClock                              0x08001e55   Thumb Code     8  system_stm32f10x.o(i.SetSysClock)
    i.SetSysClockTo72                        0x08001e5c   Section        0  system_stm32f10x.o(i.SetSysClockTo72)
    SetSysClockTo72                          0x08001e5d   Thumb Code   286  system_stm32f10x.o(i.SetSysClockTo72)
    i.SprDMA                                 0x08001f7a   Section        0  6502.o(i.SprDMA)
    i.SysTick_Handler                        0x08002022   Section        0  stm32f10x_it.o(i.SysTick_Handler)
    i.SystemInit                             0x08002024   Section        0  system_stm32f10x.o(i.SystemInit)
    i.TIM3_Config                            0x08002090   Section        0  timer.o(i.TIM3_Config)
    i.TIM3_IRQHandler                        0x08002104   Section        0  stm32f10x_it.o(i.TIM3_IRQHandler)
    i.TIM_ClearITPendingBit                  0x08002168   Section        0  stm32f10x_tim.o(i.TIM_ClearITPendingBit)
    i.TIM_Cmd                                0x0800216e   Section        0  stm32f10x_tim.o(i.TIM_Cmd)
    i.TIM_GetITStatus                        0x08002186   Section        0  stm32f10x_tim.o(i.TIM_GetITStatus)
    i.TIM_ITConfig                           0x080021a8   Section        0  stm32f10x_tim.o(i.TIM_ITConfig)
    i.TIM_TimeBaseInit                       0x080021ba   Section        0  stm32f10x_tim.o(i.TIM_TimeBaseInit)
    i.UsageFault_Handler                     0x0800227c   Section        0  stm32f10x_it.o(i.UsageFault_Handler)
    i.__scatterload_copy                     0x08002280   Section       14  handlers.o(i.__scatterload_copy)
    i.__scatterload_null                     0x0800228e   Section        2  handlers.o(i.__scatterload_null)
    i.__scatterload_zeroinit                 0x08002290   Section       14  handlers.o(i.__scatterload_zeroinit)
    i.abs6502                                0x0800229e   Section        0  6502.o(i.abs6502)
    i.absx6502                               0x08002306   Section        0  6502.o(i.absx6502)
    i.absy6502                               0x080023ea   Section        0  6502.o(i.absy6502)
    i.adc6502                                0x080024ce   Section        0  6502.o(i.adc6502)
    i.and6502                                0x08002736   Section        0  6502.o(i.and6502)
    i.asl6502                                0x08002802   Section        0  6502.o(i.asl6502)
    i.asla6502                               0x08002904   Section        0  6502.o(i.asla6502)
    i.bcc6502                                0x080029be   Section        0  6502.o(i.bcc6502)
    i.bcs6502                                0x08002a56   Section        0  6502.o(i.bcs6502)
    i.beq6502                                0x08002aee   Section        0  6502.o(i.beq6502)
    i.bit6502                                0x08002b86   Section        0  6502.o(i.bit6502)
    i.bmi6502                                0x08002c2c   Section        0  6502.o(i.bmi6502)
    i.bne6502                                0x08002cc4   Section        0  6502.o(i.bne6502)
    i.bpl6502                                0x08002d5c   Section        0  6502.o(i.bpl6502)
    i.bra6502                                0x08002df4   Section        0  6502.o(i.bra6502)
    i.brk6502                                0x08002e4c   Section        0  6502.o(i.brk6502)
    i.bvc6502                                0x08002f0a   Section        0  6502.o(i.bvc6502)
    i.bvs6502                                0x08002fa2   Section        0  6502.o(i.bvs6502)
    i.clc6502                                0x0800303a   Section        0  6502.o(i.clc6502)
    i.cld6502                                0x08003054   Section        0  6502.o(i.cld6502)
    i.cli6502                                0x0800306e   Section        0  6502.o(i.cli6502)
    i.clv6502                                0x08003088   Section        0  6502.o(i.clv6502)
    i.cmp6502                                0x080030a2   Section        0  6502.o(i.cmp6502)
    i.cpx6502                                0x080031be   Section        0  6502.o(i.cpx6502)
    i.cpy6502                                0x080032da   Section        0  6502.o(i.cpy6502)
    i.dea6502                                0x080033f6   Section        0  6502.o(i.dea6502)
    i.dec6502                                0x08003488   Section        0  6502.o(i.dec6502)
    i.dex6502                                0x08003560   Section        0  6502.o(i.dex6502)
    i.dey6502                                0x080035f2   Section        0  6502.o(i.dey6502)
    i.eor6502                                0x08003684   Section        0  6502.o(i.eor6502)
    i.exec6502                               0x08003744   Section        0  6502.o(i.exec6502)
    i.fc_init                                0x0800383a   Section        0  fc_key.o(i.fc_init)
    i.fc_read                                0x080038ce   Section        0  fc_key.o(i.fc_read)
    i.get6502memory                          0x08003900   Section        0  6502.o(i.get6502memory)
    i.immediate6502                          0x0800399e   Section        0  6502.o(i.immediate6502)
    i.implied6502                            0x080039ca   Section        0  6502.o(i.implied6502)
    i.ina6502                                0x080039cc   Section        0  6502.o(i.ina6502)
    i.inc6502                                0x08003a5e   Section        0  6502.o(i.inc6502)
    i.indabsx6502                            0x08003b36   Section        0  6502.o(i.indabsx6502)
    i.indirect6502                           0x08003bb8   Section        0  6502.o(i.indirect6502)
    i.indx6502                               0x08003c62   Section        0  6502.o(i.indx6502)
    i.indy6502                               0x08003ce0   Section        0  6502.o(i.indy6502)
    i.indzp6502                              0x08003dce   Section        0  6502.o(i.indzp6502)
    i.init6502mem                            0x08003e40   Section        0  6502.o(i.init6502mem)
    i.inx6502                                0x08003e82   Section        0  6502.o(i.inx6502)
    i.iny6502                                0x08003f14   Section        0  6502.o(i.iny6502)
    i.irq6502                                0x08003fa6   Section        0  6502.o(i.irq6502)
    i.jmp6502                                0x08004066   Section        0  6502.o(i.jmp6502)
    i.jsr6502                                0x0800409c   Section        0  6502.o(i.jsr6502)
    i.lda6502                                0x0800414a   Section        0  6502.o(i.lda6502)
    i.ldx6502                                0x080041fe   Section        0  6502.o(i.ldx6502)
    i.ldy6502                                0x080042b2   Section        0  6502.o(i.ldy6502)
    i.lsr6502                                0x08004366   Section        0  6502.o(i.lsr6502)
    i.lsra6502                               0x0800446a   Section        0  6502.o(i.lsra6502)
    i.main                                   0x08004524   Section        0  main.o(i.main)
    i.nmi6502                                0x08004536   Section        0  6502.o(i.nmi6502)
    i.nop6502                                0x080045f6   Section        0  6502.o(i.nop6502)
    i.ora6502                                0x080045f8   Section        0  6502.o(i.ora6502)
    i.pha6502                                0x080046b8   Section        0  6502.o(i.pha6502)
    i.php6502                                0x080046ee   Section        0  6502.o(i.php6502)
    i.phx6502                                0x08004724   Section        0  6502.o(i.phx6502)
    i.phy6502                                0x0800475a   Section        0  6502.o(i.phy6502)
    i.pla6502                                0x08004790   Section        0  6502.o(i.pla6502)
    i.plp6502                                0x08004838   Section        0  6502.o(i.plp6502)
    i.plx6502                                0x0800486c   Section        0  6502.o(i.plx6502)
    i.ply6502                                0x08004914   Section        0  6502.o(i.ply6502)
    i.put6502memory                          0x080049bc   Section        0  6502.o(i.put6502memory)
    i.relative6502                           0x08004a30   Section        0  6502.o(i.relative6502)
    i.reset6502                              0x08004abc   Section        0  6502.o(i.reset6502)
    i.rol6502                                0x08004b56   Section        0  6502.o(i.rol6502)
    i.rola6502                               0x08004c8a   Section        0  6502.o(i.rola6502)
    i.ror6502                                0x08004d76   Section        0  6502.o(i.ror6502)
    i.rora6502                               0x08004eac   Section        0  6502.o(i.rora6502)
    i.rti6502                                0x08004f9a   Section        0  6502.o(i.rti6502)
    i.rts6502                                0x08005034   Section        0  6502.o(i.rts6502)
    i.sbc6502                                0x080050a2   Section        0  6502.o(i.sbc6502)
    i.sec6502                                0x08005316   Section        0  6502.o(i.sec6502)
    i.sed6502                                0x08005330   Section        0  6502.o(i.sed6502)
    i.sei6502                                0x0800534a   Section        0  6502.o(i.sei6502)
    i.sta6502                                0x08005364   Section        0  6502.o(i.sta6502)
    i.stx6502                                0x0800539e   Section        0  6502.o(i.stx6502)
    i.sty6502                                0x080053d8   Section        0  6502.o(i.sty6502)
    i.stz6502                                0x08005412   Section        0  6502.o(i.stz6502)
    i.tax6502                                0x08005444   Section        0  6502.o(i.tax6502)
    i.tay6502                                0x080054d4   Section        0  6502.o(i.tay6502)
    i.trb6502                                0x08005564   Section        0  6502.o(i.trb6502)
    i.tsb6502                                0x080055f8   Section        0  6502.o(i.tsb6502)
    i.tsx6502                                0x08005688   Section        0  6502.o(i.tsx6502)
    i.txa6502                                0x08005718   Section        0  6502.o(i.txa6502)
    i.txs6502                                0x080057a8   Section        0  6502.o(i.txs6502)
    i.tya6502                                0x080057be   Section        0  6502.o(i.tya6502)
    i.zp6502                                 0x0800584e   Section        0  6502.o(i.zp6502)
    i.zpx6502                                0x08005880   Section        0  6502.o(i.zpx6502)
    i.zpy6502                                0x080058d2   Section        0  6502.o(i.zpy6502)
    .constdata                               0x08005924   Section     3072  6502.o(.constdata)
    .constdata                               0x08006524   Section      132  ppu.o(.constdata)
    .constdata                               0x080065a8   Section    40976  rom__mario.o(.constdata)
    c.PPU_RegRead.00000008                   0x080105d8   Section        8  ppu.o(c.PPU_RegRead.00000008)
    c.PPU_RegWrite.0000000a                  0x080105e0   Section        8  ppu.o(c.PPU_RegWrite.0000000a)
    c.SprDMA.0000000a                        0x080105e8   Section       16  6502.o(c.SprDMA.0000000a)
    c.get6502memory.00000014                 0x080105f8   Section       15  6502.o(c.get6502memory.00000014)
    c.put6502memory.00000016                 0x08010607   Section        8  6502.o(c.put6502memory.00000016)
    .data                                    0x20000000   Section        4  stm32f10x_it.o(.data)
    .data                                    0x20000004   Section        5  bsp_ili9341_lcd.o(.data)
    .data                                    0x2000000c   Section       48  6502.o(.data)
    .data                                    0x2000003c   Section        4  nes_main.o(.data)
    .data                                    0x20000040   Section       14  ppu.o(.data)
    .bss                                     0x20000050   Section     2048  6502.o(.bss)
    .bss                                     0x20000850   Section     2910  ppu.o(.bss)
    .bss                                     0x200013b0   Section       16  joypad.o(.bss)
    STACK                                    0x200013c0   Section     4096  startup_stm32f10x_hd.o(STACK)

    Global Symbols

    Symbol Name                              Value     Ov Type        Size  Object(Section)

    BuildAttributes$$THM_ISAv4$P$D$K$B$S$PE$A:L22UL41UL21$X:L11$S22US41US21$IEEE1$IW$USESV6$~STKCKD$USESV7$~SHL$OSPACE$EBA8$MICROLIB$REQ8$PRES8$EABIv2 0x00000000   Number         0  anon$$obj.o ABSOLUTE
    __ARM_use_no_argv                        0x00000000   Number         0  main.o ABSOLUTE
    __arm_fini_                               - Undefined Weak Reference
    __cpp_initialize__aeabi_                  - Undefined Weak Reference
    __cxa_finalize                            - Undefined Weak Reference
    __decompress                              - Undefined Weak Reference
    _clock_init                               - Undefined Weak Reference
    _microlib_exit                            - Undefined Weak Reference
    __Vectors_Size                           0x00000130   Number         0  startup_stm32f10x_hd.o ABSOLUTE
    __Vectors                                0x08000000   Data           4  startup_stm32f10x_hd.o(RESET)
    __Vectors_End                            0x08000130   Data           0  startup_stm32f10x_hd.o(RESET)
    __main                                   0x08000131   Thumb Code     0  entry.o(.ARM.Collect$$$$00000000)
    _main_stk                                0x08000131   Thumb Code     0  entry2.o(.ARM.Collect$$$$00000001)
    _main_scatterload                        0x08000135   Thumb Code     0  entry5.o(.ARM.Collect$$$$00000004)
    __main_after_scatterload                 0x08000139   Thumb Code     0  entry5.o(.ARM.Collect$$$$00000004)
    _main_clock                              0x08000139   Thumb Code     0  entry7b.o(.ARM.Collect$$$$00000008)
    _main_cpp_init                           0x08000139   Thumb Code     0  entry8b.o(.ARM.Collect$$$$0000000A)
    _main_init                               0x08000139   Thumb Code     0  entry9a.o(.ARM.Collect$$$$0000000B)
    __rt_lib_shutdown_fini                   0x08000141   Thumb Code     0  entry12b.o(.ARM.Collect$$$$0000000E)
    __rt_final_cpp                           0x08000145   Thumb Code     0  entry10a.o(.ARM.Collect$$$$0000000F)
    __rt_final_exit                          0x08000145   Thumb Code     0  entry11a.o(.ARM.Collect$$$$00000011)
    Reset_Handler                            0x08000149   Thumb Code     8  startup_stm32f10x_hd.o(.text)
    ADC1_2_IRQHandler                        0x08000163   Thumb Code     0  startup_stm32f10x_hd.o(.text)
    ADC3_IRQHandler                          0x08000163   Thumb Code     0  startup_stm32f10x_hd.o(.text)
    CAN1_RX1_IRQHandler                      0x08000163   Thumb Code     0  startup_stm32f10x_hd.o(.text)
    CAN1_SCE_IRQHandler                      0x08000163   Thumb Code     0  startup_stm32f10x_hd.o(.text)
    DMA1_Channel1_IRQHandler                 0x08000163   Thumb Code     0  startup_stm32f10x_hd.o(.text)
    DMA1_Channel2_IRQHandler                 0x08000163   Thumb Code     0  startup_stm32f10x_hd.o(.text)
    DMA1_Channel3_IRQHandler                 0x08000163   Thumb Code     0  startup_stm32f10x_hd.o(.text)
    DMA1_Channel4_IRQHandler                 0x08000163   Thumb Code     0  startup_stm32f10x_hd.o(.text)
    DMA1_Channel5_IRQHandler                 0x08000163   Thumb Code     0  startup_stm32f10x_hd.o(.text)
    DMA1_Channel6_IRQHandler                 0x08000163   Thumb Code     0  startup_stm32f10x_hd.o(.text)
    DMA1_Channel7_IRQHandler                 0x08000163   Thumb Code     0  startup_stm32f10x_hd.o(.text)
    DMA2_Channel1_IRQHandler                 0x08000163   Thumb Code     0  startup_stm32f10x_hd.o(.text)
    DMA2_Channel2_IRQHandler                 0x08000163   Thumb Code     0  startup_stm32f10x_hd.o(.text)
    DMA2_Channel3_IRQHandler                 0x08000163   Thumb Code     0  startup_stm32f10x_hd.o(.text)
    DMA2_Channel4_5_IRQHandler               0x08000163   Thumb Code     0  startup_stm32f10x_hd.o(.text)
    EXTI0_IRQHandler                         0x08000163   Thumb Code     0  startup_stm32f10x_hd.o(.text)
    EXTI15_10_IRQHandler                     0x08000163   Thumb Code     0  startup_stm32f10x_hd.o(.text)
    EXTI1_IRQHandler                         0x08000163   Thumb Code     0  startup_stm32f10x_hd.o(.text)
    EXTI2_IRQHandler                         0x08000163   Thumb Code     0  startup_stm32f10x_hd.o(.text)
    EXTI3_IRQHandler                         0x08000163   Thumb Code     0  startup_stm32f10x_hd.o(.text)
    EXTI4_IRQHandler                         0x08000163   Thumb Code     0  startup_stm32f10x_hd.o(.text)
    EXTI9_5_IRQHandler                       0x08000163   Thumb Code     0  startup_stm32f10x_hd.o(.text)
    FLASH_IRQHandler                         0x08000163   Thumb Code     0  startup_stm32f10x_hd.o(.text)
    FSMC_IRQHandler                          0x08000163   Thumb Code     0  startup_stm32f10x_hd.o(.text)
    I2C1_ER_IRQHandler                       0x08000163   Thumb Code     0  startup_stm32f10x_hd.o(.text)
    I2C1_EV_IRQHandler                       0x08000163   Thumb Code     0  startup_stm32f10x_hd.o(.text)
    I2C2_ER_IRQHandler                       0x08000163   Thumb Code     0  startup_stm32f10x_hd.o(.text)
    I2C2_EV_IRQHandler                       0x08000163   Thumb Code     0  startup_stm32f10x_hd.o(.text)
    PVD_IRQHandler                           0x08000163   Thumb Code     0  startup_stm32f10x_hd.o(.text)
    RCC_IRQHandler                           0x08000163   Thumb Code     0  startup_stm32f10x_hd.o(.text)
    RTCAlarm_IRQHandler                      0x08000163   Thumb Code     0  startup_stm32f10x_hd.o(.text)
    RTC_IRQHandler                           0x08000163   Thumb Code     0  startup_stm32f10x_hd.o(.text)
    SDIO_IRQHandler                          0x08000163   Thumb Code     0  startup_stm32f10x_hd.o(.text)
    SPI1_IRQHandler                          0x08000163   Thumb Code     0  startup_stm32f10x_hd.o(.text)
    SPI2_IRQHandler                          0x08000163   Thumb Code     0  startup_stm32f10x_hd.o(.text)
    SPI3_IRQHandler                          0x08000163   Thumb Code     0  startup_stm32f10x_hd.o(.text)
    TAMPER_IRQHandler                        0x08000163   Thumb Code     0  startup_stm32f10x_hd.o(.text)
    TIM1_BRK_IRQHandler                      0x08000163   Thumb Code     0  startup_stm32f10x_hd.o(.text)
    TIM1_CC_IRQHandler                       0x08000163   Thumb Code     0  startup_stm32f10x_hd.o(.text)
    TIM1_TRG_COM_IRQHandler                  0x08000163   Thumb Code     0  startup_stm32f10x_hd.o(.text)
    TIM1_UP_IRQHandler                       0x08000163   Thumb Code     0  startup_stm32f10x_hd.o(.text)
    TIM2_IRQHandler                          0x08000163   Thumb Code     0  startup_stm32f10x_hd.o(.text)
    TIM4_IRQHandler                          0x08000163   Thumb Code     0  startup_stm32f10x_hd.o(.text)
    TIM5_IRQHandler                          0x08000163   Thumb Code     0  startup_stm32f10x_hd.o(.text)
    TIM6_IRQHandler                          0x08000163   Thumb Code     0  startup_stm32f10x_hd.o(.text)
    TIM7_IRQHandler                          0x08000163   Thumb Code     0  startup_stm32f10x_hd.o(.text)
    TIM8_BRK_IRQHandler                      0x08000163   Thumb Code     0  startup_stm32f10x_hd.o(.text)
    TIM8_CC_IRQHandler                       0x08000163   Thumb Code     0  startup_stm32f10x_hd.o(.text)
    TIM8_TRG_COM_IRQHandler                  0x08000163   Thumb Code     0  startup_stm32f10x_hd.o(.text)
    TIM8_UP_IRQHandler                       0x08000163   Thumb Code     0  startup_stm32f10x_hd.o(.text)
    UART4_IRQHandler                         0x08000163   Thumb Code     0  startup_stm32f10x_hd.o(.text)
    UART5_IRQHandler                         0x08000163   Thumb Code     0  startup_stm32f10x_hd.o(.text)
    USART1_IRQHandler                        0x08000163   Thumb Code     0  startup_stm32f10x_hd.o(.text)
    USART2_IRQHandler                        0x08000163   Thumb Code     0  startup_stm32f10x_hd.o(.text)
    USART3_IRQHandler                        0x08000163   Thumb Code     0  startup_stm32f10x_hd.o(.text)
    USBWakeUp_IRQHandler                     0x08000163   Thumb Code     0  startup_stm32f10x_hd.o(.text)
    USB_HP_CAN1_TX_IRQHandler                0x08000163   Thumb Code     0  startup_stm32f10x_hd.o(.text)
    USB_LP_CAN1_RX0_IRQHandler               0x08000163   Thumb Code     0  startup_stm32f10x_hd.o(.text)
    WWDG_IRQHandler                          0x08000163   Thumb Code     0  startup_stm32f10x_hd.o(.text)
    __aeabi_memset                           0x0800016d   Thumb Code    14  memseta.o(.text)
    __aeabi_memset4                          0x0800016d   Thumb Code     0  memseta.o(.text)
    __aeabi_memset8                          0x0800016d   Thumb Code     0  memseta.o(.text)
    __aeabi_memclr                           0x0800017b   Thumb Code     4  memseta.o(.text)
    __aeabi_memclr4                          0x0800017b   Thumb Code     0  memseta.o(.text)
    __aeabi_memclr8                          0x0800017b   Thumb Code     0  memseta.o(.text)
    _memset$wrapper                          0x0800017f   Thumb Code    18  memseta.o(.text)
    __scatterload                            0x08000191   Thumb Code    28  init.o(.text)
    __scatterload_rt2                        0x08000191   Thumb Code     0  init.o(.text)
    BusFault_Handler                         0x080001b5   Thumb Code     4  stm32f10x_it.o(i.BusFault_Handler)
    DebugMon_Handler                         0x080001b9   Thumb Code     2  stm32f10x_it.o(i.DebugMon_Handler)
    FSMC_NORSRAMCmd                          0x080001bb   Thumb Code    50  stm32f10x_fsmc.o(i.FSMC_NORSRAMCmd)
    FSMC_NORSRAMInit                         0x080001ed   Thumb Code   230  stm32f10x_fsmc.o(i.FSMC_NORSRAMInit)
    GPIO_Init                                0x080002d3   Thumb Code   278  stm32f10x_gpio.o(i.GPIO_Init)
    GPIO_ReadInputDataBit                    0x080003e9   Thumb Code    18  stm32f10x_gpio.o(i.GPIO_ReadInputDataBit)
    GPIO_ResetBits                           0x080003fb   Thumb Code     4  stm32f10x_gpio.o(i.GPIO_ResetBits)
    GPIO_SetBits                             0x080003ff   Thumb Code     4  stm32f10x_gpio.o(i.GPIO_SetBits)
    HardFault_Handler                        0x08000403   Thumb Code     4  stm32f10x_it.o(i.HardFault_Handler)
    ILI9341_BackLED_Control                  0x08000407   Thumb Code    42  bsp_ili9341_lcd.o(i.ILI9341_BackLED_Control)
    ILI9341_Clear                            0x08000431   Thumb Code    40  bsp_ili9341_lcd.o(i.ILI9341_Clear)
    ILI9341_GramScan                         0x080006fb   Thumb Code   108  bsp_ili9341_lcd.o(i.ILI9341_GramScan)
    ILI9341_Init                             0x08000767   Thumb Code    76  bsp_ili9341_lcd.o(i.ILI9341_Init)
    ILI9341_OpenWindow                       0x080007b3   Thumb Code    96  bsp_ili9341_lcd.o(i.ILI9341_OpenWindow)
    ILI9341_Reset                            0x08000a45   Thumb Code    48  bsp_ili9341_lcd.o(i.ILI9341_Reset)
    ILI9341_Write_Cmd                        0x08000a75   Thumb Code     8  bsp_ili9341_lcd.o(i.ILI9341_Write_Cmd)
    ILI9341_Write_Data                       0x08000a7d   Thumb Code    10  bsp_ili9341_lcd.o(i.ILI9341_Write_Data)
    MemManage_Handler                        0x08000a87   Thumb Code     4  stm32f10x_it.o(i.MemManage_Handler)
    NES_FrameCycle                           0x08000a8b   Thumb Code   436  nes_main.o(i.NES_FrameCycle)
    NES_GetJoyPadVlaue                       0x08000c3f   Thumb Code    96  joypad.o(i.NES_GetJoyPadVlaue)
    NES_GetSpr0HitFlag                       0x08000c9f   Thumb Code   774  ppu.o(i.NES_GetSpr0HitFlag)
    NES_JoyPadDisable                        0x08000fa5   Thumb Code    16  joypad.o(i.NES_JoyPadDisable)
    NES_JoyPadInit                           0x08000fb5   Thumb Code    30  joypad.o(i.NES_JoyPadInit)
    NES_JoyPadReset                          0x08000fd3   Thumb Code    34  joypad.o(i.NES_JoyPadReset)
    NES_LCD_Clear                            0x08000ff5   Thumb Code   158  ppu.o(i.NES_LCD_Clear)
    NES_LCD_ClearLine                        0x08001093   Thumb Code    88  ppu.o(i.NES_LCD_ClearLine)
    NES_LCD_RenderLine                       0x080010eb   Thumb Code    98  ppu.o(i.NES_LCD_RenderLine)
    NES_MainLoop                             0x0800114d   Thumb Code    60  nes_main.o(i.NES_MainLoop)
    NES_RenderBGLine                         0x08001189   Thumb Code   572  ppu.o(i.NES_RenderBGLine)
    NES_RenderLine                           0x080013c5   Thumb Code   514  ppu.o(i.NES_RenderLine)
    NES_RenderSprPattern                     0x080015c7   Thumb Code   316  ppu.o(i.NES_RenderSprPattern)
    NES_RenderSprite16                       0x08001703   Thumb Code   130  ppu.o(i.NES_RenderSprite16)
    NES_RenderSprite88                       0x08001785   Thumb Code    62  ppu.o(i.NES_RenderSprite88)
    NMI_Handler                              0x080017c3   Thumb Code     2  stm32f10x_it.o(i.NMI_Handler)
    NVIC_Init                                0x080017c5   Thumb Code   118  misc.o(i.NVIC_Init)
    NVIC_PriorityGroupConfig                 0x0800183b   Thumb Code    20  misc.o(i.NVIC_PriorityGroupConfig)
    PPU_Init                                 0x0800184f   Thumb Code   220  ppu.o(i.PPU_Init)
    PPU_MemRead                              0x0800192b   Thumb Code   288  ppu.o(i.PPU_MemRead)
    PPU_MemWrite                             0x08001a4b   Thumb Code   238  ppu.o(i.PPU_MemWrite)
    PPU_NameTablesRead                       0x08001b39   Thumb Code   100  ppu.o(i.PPU_NameTablesRead)
    PPU_NameTablesWrite                      0x08001b9d   Thumb Code   104  ppu.o(i.PPU_NameTablesWrite)
    PPU_RegRead                              0x08001c05   Thumb Code   208  ppu.o(i.PPU_RegRead)
    PPU_RegWrite                             0x08001cd5   Thumb Code   230  ppu.o(i.PPU_RegWrite)
    PendSV_Handler                           0x08001dbb   Thumb Code     2  stm32f10x_it.o(i.PendSV_Handler)
    RCC_AHBPeriphClockCmd                    0x08001dbd   Thumb Code    50  stm32f10x_rcc.o(i.RCC_AHBPeriphClockCmd)
    RCC_APB1PeriphClockCmd                   0x08001def   Thumb Code    50  stm32f10x_rcc.o(i.RCC_APB1PeriphClockCmd)
    RCC_APB2PeriphClockCmd                   0x08001e21   Thumb Code    50  stm32f10x_rcc.o(i.RCC_APB2PeriphClockCmd)
    SVC_Handler                              0x08001e53   Thumb Code     2  stm32f10x_it.o(i.SVC_Handler)
    SprDMA                                   0x08001f7b   Thumb Code   168  6502.o(i.SprDMA)
    SysTick_Handler                          0x08002023   Thumb Code     2  stm32f10x_it.o(i.SysTick_Handler)
    SystemInit                               0x08002025   Thumb Code   108  system_stm32f10x.o(i.SystemInit)
    TIM3_Config                              0x08002091   Thumb Code   116  timer.o(i.TIM3_Config)
    TIM3_IRQHandler                          0x08002105   Thumb Code   100  stm32f10x_it.o(i.TIM3_IRQHandler)
    TIM_ClearITPendingBit                    0x08002169   Thumb Code     6  stm32f10x_tim.o(i.TIM_ClearITPendingBit)
    TIM_Cmd                                  0x0800216f   Thumb Code    24  stm32f10x_tim.o(i.TIM_Cmd)
    TIM_GetITStatus                          0x08002187   Thumb Code    34  stm32f10x_tim.o(i.TIM_GetITStatus)
    TIM_ITConfig                             0x080021a9   Thumb Code    18  stm32f10x_tim.o(i.TIM_ITConfig)
    TIM_TimeBaseInit                         0x080021bb   Thumb Code   194  stm32f10x_tim.o(i.TIM_TimeBaseInit)
    UsageFault_Handler                       0x0800227d   Thumb Code     4  stm32f10x_it.o(i.UsageFault_Handler)
    __scatterload_copy                       0x08002281   Thumb Code    14  handlers.o(i.__scatterload_copy)
    __scatterload_null                       0x0800228f   Thumb Code     2  handlers.o(i.__scatterload_null)
    __scatterload_zeroinit                   0x08002291   Thumb Code    14  handlers.o(i.__scatterload_zeroinit)
    abs6502                                  0x0800229f   Thumb Code   104  6502.o(i.abs6502)
    absx6502                                 0x08002307   Thumb Code   228  6502.o(i.absx6502)
    absy6502                                 0x080023eb   Thumb Code   228  6502.o(i.absy6502)
    adc6502                                  0x080024cf   Thumb Code   616  6502.o(i.adc6502)
    and6502                                  0x08002737   Thumb Code   204  6502.o(i.and6502)
    asl6502                                  0x08002803   Thumb Code   258  6502.o(i.asl6502)
    asla6502                                 0x08002905   Thumb Code   186  6502.o(i.asla6502)
    bcc6502                                  0x080029bf   Thumb Code   152  6502.o(i.bcc6502)
    bcs6502                                  0x08002a57   Thumb Code   152  6502.o(i.bcs6502)
    beq6502                                  0x08002aef   Thumb Code   152  6502.o(i.beq6502)
    bit6502                                  0x08002b87   Thumb Code   166  6502.o(i.bit6502)
    bmi6502                                  0x08002c2d   Thumb Code   152  6502.o(i.bmi6502)
    bne6502                                  0x08002cc5   Thumb Code   152  6502.o(i.bne6502)
    bpl6502                                  0x08002d5d   Thumb Code   152  6502.o(i.bpl6502)
    bra6502                                  0x08002df5   Thumb Code    88  6502.o(i.bra6502)
    brk6502                                  0x08002e4d   Thumb Code   190  6502.o(i.brk6502)
    bvc6502                                  0x08002f0b   Thumb Code   152  6502.o(i.bvc6502)
    bvs6502                                  0x08002fa3   Thumb Code   152  6502.o(i.bvs6502)
    clc6502                                  0x0800303b   Thumb Code    26  6502.o(i.clc6502)
    cld6502                                  0x08003055   Thumb Code    26  6502.o(i.cld6502)
    cli6502                                  0x0800306f   Thumb Code    26  6502.o(i.cli6502)
    clv6502                                  0x08003089   Thumb Code    26  6502.o(i.clv6502)
    cmp6502                                  0x080030a3   Thumb Code   284  6502.o(i.cmp6502)
    cpx6502                                  0x080031bf   Thumb Code   284  6502.o(i.cpx6502)
    cpy6502                                  0x080032db   Thumb Code   284  6502.o(i.cpy6502)
    dea6502                                  0x080033f7   Thumb Code   146  6502.o(i.dea6502)
    dec6502                                  0x08003489   Thumb Code   216  6502.o(i.dec6502)
    dex6502                                  0x08003561   Thumb Code   146  6502.o(i.dex6502)
    dey6502                                  0x080035f3   Thumb Code   146  6502.o(i.dey6502)
    eor6502                                  0x08003685   Thumb Code   192  6502.o(i.eor6502)
    exec6502                                 0x08003745   Thumb Code   246  6502.o(i.exec6502)
    fc_init                                  0x0800383b   Thumb Code   148  fc_key.o(i.fc_init)
    fc_read                                  0x080038cf   Thumb Code    50  fc_key.o(i.fc_read)
    get6502memory                            0x08003901   Thumb Code   158  6502.o(i.get6502memory)
    immediate6502                            0x0800399f   Thumb Code    44  6502.o(i.immediate6502)
    implied6502                              0x080039cb   Thumb Code     2  6502.o(i.implied6502)
    ina6502                                  0x080039cd   Thumb Code   146  6502.o(i.ina6502)
    inc6502                                  0x08003a5f   Thumb Code   216  6502.o(i.inc6502)
    indabsx6502                              0x08003b37   Thumb Code   130  6502.o(i.indabsx6502)
    indirect6502                             0x08003bb9   Thumb Code   170  6502.o(i.indirect6502)
    indx6502                                 0x08003c63   Thumb Code   126  6502.o(i.indx6502)
    indy6502                                 0x08003ce1   Thumb Code   238  6502.o(i.indy6502)
    indzp6502                                0x08003dcf   Thumb Code   114  6502.o(i.indzp6502)
    init6502mem                              0x08003e41   Thumb Code    66  6502.o(i.init6502mem)
    inx6502                                  0x08003e83   Thumb Code   146  6502.o(i.inx6502)
    iny6502                                  0x08003f15   Thumb Code   146  6502.o(i.iny6502)
    irq6502                                  0x08003fa7   Thumb Code   192  6502.o(i.irq6502)
    jmp6502                                  0x08004067   Thumb Code    54  6502.o(i.jmp6502)
    jsr6502                                  0x0800409d   Thumb Code   174  6502.o(i.jsr6502)
    lda6502                                  0x0800414b   Thumb Code   180  6502.o(i.lda6502)
    ldx6502                                  0x080041ff   Thumb Code   180  6502.o(i.ldx6502)
    ldy6502                                  0x080042b3   Thumb Code   180  6502.o(i.ldy6502)
    lsr6502                                  0x08004367   Thumb Code   260  6502.o(i.lsr6502)
    lsra6502                                 0x0800446b   Thumb Code   186  6502.o(i.lsra6502)
    main                                     0x08004525   Thumb Code    18  main.o(i.main)
    nmi6502                                  0x08004537   Thumb Code   192  6502.o(i.nmi6502)
    nop6502                                  0x080045f7   Thumb Code     2  6502.o(i.nop6502)
    ora6502                                  0x080045f9   Thumb Code   192  6502.o(i.ora6502)
    pha6502                                  0x080046b9   Thumb Code    54  6502.o(i.pha6502)
    php6502                                  0x080046ef   Thumb Code    54  6502.o(i.php6502)
    phx6502                                  0x08004725   Thumb Code    54  6502.o(i.phx6502)
    phy6502                                  0x0800475b   Thumb Code    54  6502.o(i.phy6502)
    pla6502                                  0x08004791   Thumb Code   168  6502.o(i.pla6502)
    plp6502                                  0x08004839   Thumb Code    52  6502.o(i.plp6502)
    plx6502                                  0x0800486d   Thumb Code   168  6502.o(i.plx6502)
    ply6502                                  0x08004915   Thumb Code   168  6502.o(i.ply6502)
    put6502memory                            0x080049bd   Thumb Code   116  6502.o(i.put6502memory)
    relative6502                             0x08004a31   Thumb Code   140  6502.o(i.relative6502)
    reset6502                                0x08004abd   Thumb Code   154  6502.o(i.reset6502)
    rol6502                                  0x08004b57   Thumb Code   308  6502.o(i.rol6502)
    rola6502                                 0x08004c8b   Thumb Code   236  6502.o(i.rola6502)
    ror6502                                  0x08004d77   Thumb Code   310  6502.o(i.ror6502)
    rora6502                                 0x08004ead   Thumb Code   238  6502.o(i.rora6502)
    rti6502                                  0x08004f9b   Thumb Code   154  6502.o(i.rti6502)
    rts6502                                  0x08005035   Thumb Code   110  6502.o(i.rts6502)
    sbc6502                                  0x080050a3   Thumb Code   628  6502.o(i.sbc6502)
    sec6502                                  0x08005317   Thumb Code    26  6502.o(i.sec6502)
    sed6502                                  0x08005331   Thumb Code    26  6502.o(i.sed6502)
    sei6502                                  0x0800534b   Thumb Code    26  6502.o(i.sei6502)
    sta6502                                  0x08005365   Thumb Code    58  6502.o(i.sta6502)
    stx6502                                  0x0800539f   Thumb Code    58  6502.o(i.stx6502)
    sty6502                                  0x080053d9   Thumb Code    58  6502.o(i.sty6502)
    stz6502                                  0x08005413   Thumb Code    50  6502.o(i.stz6502)
    tax6502                                  0x08005445   Thumb Code   144  6502.o(i.tax6502)
    tay6502                                  0x080054d5   Thumb Code   144  6502.o(i.tay6502)
    trb6502                                  0x08005565   Thumb Code   148  6502.o(i.trb6502)
    tsb6502                                  0x080055f9   Thumb Code   144  6502.o(i.tsb6502)
    tsx6502                                  0x08005689   Thumb Code   144  6502.o(i.tsx6502)
    txa6502                                  0x08005719   Thumb Code   144  6502.o(i.txa6502)
    txs6502                                  0x080057a9   Thumb Code    22  6502.o(i.txs6502)
    tya6502                                  0x080057bf   Thumb Code   144  6502.o(i.tya6502)
    zp6502                                   0x0800584f   Thumb Code    50  6502.o(i.zp6502)
    zpx6502                                  0x08005881   Thumb Code    82  6502.o(i.zpx6502)
    zpy6502                                  0x080058d3   Thumb Code    82  6502.o(i.zpy6502)
    opcodetable                              0x08005924   Data        3072  6502.o(.constdata)
    sprite                                   0x08006524   Data           4  ppu.o(.constdata)
    NES_Color_Palette                        0x08006528   Data         128  ppu.o(.constdata)
    rom_file                                 0x080065a8   Data       40976  rom__mario.o(.constdata)
    Region$$Table$$Base                      0x080105b8   Number         0  anon$$obj.o(Region$$Table)
    Region$$Table$$Limit                     0x080105d8   Number         0  anon$$obj.o(Region$$Table)
    SysTicks                                 0x20000000   Data           4  stm32f10x_it.o(.data)
    LCD_X_LENGTH                             0x20000004   Data           2  bsp_ili9341_lcd.o(.data)
    LCD_Y_LENGTH                             0x20000006   Data           2  bsp_ili9341_lcd.o(.data)
    LCD_SCAN_MODE                            0x20000008   Data           1  bsp_ili9341_lcd.o(.data)
    a_reg                                    0x2000000c   Data           1  6502.o(.data)
    x_reg                                    0x2000000d   Data           1  6502.o(.data)
    y_reg                                    0x2000000e   Data           1  6502.o(.data)
    stat_reg                                 0x2000000f   Data           1  6502.o(.data)
    sp_reg                                   0x20000010   Data           1  6502.o(.data)
    pc_reg                                   0x20000012   Data           2  6502.o(.data)
    NMI_Flag                                 0x20000014   Data           1  6502.o(.data)
    IRQ_Flag                                 0x20000015   Data           1  6502.o(.data)
    opcode                                   0x20000016   Data           1  6502.o(.data)
    clockticks6502                           0x20000018   Data           4  6502.o(.data)
    savepc                                   0x2000001c   Data           2  6502.o(.data)
    value                                    0x2000001e   Data           1  6502.o(.data)
    sum                                      0x20000020   Data           4  6502.o(.data)
    saveflags                                0x20000024   Data           4  6502.o(.data)
    help                                     0x20000028   Data           2  6502.o(.data)
    exp_rom                                  0x2000002c   Data           4  6502.o(.data)
    sram                                     0x20000030   Data           4  6502.o(.data)
    prg_rombank0                             0x20000034   Data           4  6502.o(.data)
    prg_rombank1                             0x20000038   Data           4  6502.o(.data)
    FrameCounter                             0x2000003c   Data           4  nes_main.o(.data)
    PPU_Reg                                  0x20000040   Data           4  ppu.o(.data)
    SpriteHitFlag                            0x20000044   Data           1  ppu.o(.data)
    PPU_Latch_Flag                           0x20000045   Data           1  ppu.o(.data)
    PPU_scanline                             0x20000048   Data           4  ppu.o(.data)
    PPU_BG_VScrlOrg                          0x2000004c   Data           1  ppu.o(.data)
    PPU_BG_HScrlOrg                          0x2000004d   Data           1  ppu.o(.data)
    ram6502                                  0x20000050   Data        2048  6502.o(.bss)
    NameTable                                0x20000850   Data        2048  ppu.o(.bss)
    PPU_Mem                                  0x20001050   Data          60  ppu.o(.bss)
    Spr_Mem                                  0x2000108c   Data         257  ppu.o(.bss)
    Buffer_scanline                          0x2000118e   Data         544  ppu.o(.bss)
    JoyPad                                   0x200013b0   Data          16  joypad.o(.bss)
    __initial_sp                             0x200023c0   Data           0  startup_stm32f10x_hd.o(STACK)



==============================================================================

Memory Map of the image

  Image Entry point : 0x08000131

  Load Region LR_IROM1 (Base: 0x08000000, Size: 0x00010660, Max: 0x00080000, ABSOLUTE)

    Execution Region ER_IROM1 (Exec base: 0x08000000, Load base: 0x08000000, Size: 0x00010610, Max: 0x00080000, ABSOLUTE)

    Exec Addr    Load Addr    Size         Type   Attr      Idx    E Section Name        Object

    0x08000000   0x08000000   0x00000130   Data   RO          442    RESET               startup_stm32f10x_hd.o
    0x08000130   0x08000130   0x00000000   Code   RO         2462  * .ARM.Collect$$$$00000000  mc_w.l(entry.o)
    0x08000130   0x08000130   0x00000004   Code   RO         2467    .ARM.Collect$$$$00000001  mc_w.l(entry2.o)
    0x08000134   0x08000134   0x00000004   Code   RO         2470    .ARM.Collect$$$$00000004  mc_w.l(entry5.o)
    0x08000138   0x08000138   0x00000000   Code   RO         2472    .ARM.Collect$$$$00000008  mc_w.l(entry7b.o)
    0x08000138   0x08000138   0x00000000   Code   RO         2474    .ARM.Collect$$$$0000000A  mc_w.l(entry8b.o)
    0x08000138   0x08000138   0x00000008   Code   RO         2475    .ARM.Collect$$$$0000000B  mc_w.l(entry9a.o)
    0x08000140   0x08000140   0x00000004   Code   RO         2482    .ARM.Collect$$$$0000000E  mc_w.l(entry12b.o)
    0x08000144   0x08000144   0x00000000   Code   RO         2477    .ARM.Collect$$$$0000000F  mc_w.l(entry10a.o)
    0x08000144   0x08000144   0x00000000   Code   RO         2479    .ARM.Collect$$$$00000011  mc_w.l(entry11a.o)
    0x08000144   0x08000144   0x00000004   Code   RO         2468    .ARM.Collect$$$$00002712  mc_w.l(entry2.o)
    0x08000148   0x08000148   0x00000024   Code   RO          443    .text               startup_stm32f10x_hd.o
    0x0800016c   0x0800016c   0x00000024   Code   RO         2465    .text               mc_w.l(memseta.o)
    0x08000190   0x08000190   0x00000024   Code   RO         2483    .text               mc_w.l(init.o)
    0x080001b4   0x080001b4   0x00000004   Code   RO           88    i.BusFault_Handler  stm32f10x_it.o
    0x080001b8   0x080001b8   0x00000002   Code   RO           89    i.DebugMon_Handler  stm32f10x_it.o
    0x080001ba   0x080001ba   0x00000032   Code   RO          988    i.FSMC_NORSRAMCmd   stm32f10x_fsmc.o
    0x080001ec   0x080001ec   0x000000e6   Code   RO          990    i.FSMC_NORSRAMInit  stm32f10x_fsmc.o
    0x080002d2   0x080002d2   0x00000116   Code   RO          453    i.GPIO_Init         stm32f10x_gpio.o
    0x080003e8   0x080003e8   0x00000012   Code   RO          457    i.GPIO_ReadInputDataBit  stm32f10x_gpio.o
    0x080003fa   0x080003fa   0x00000004   Code   RO          460    i.GPIO_ResetBits    stm32f10x_gpio.o
    0x080003fe   0x080003fe   0x00000004   Code   RO          461    i.GPIO_SetBits      stm32f10x_gpio.o
    0x08000402   0x08000402   0x00000004   Code   RO           90    i.HardFault_Handler  stm32f10x_it.o
    0x08000406   0x08000406   0x0000002a   Code   RO          242    i.ILI9341_BackLED_Control  bsp_ili9341_lcd.o
    0x08000430   0x08000430   0x00000028   Code   RO          243    i.ILI9341_Clear     bsp_ili9341_lcd.o
    0x08000458   0x08000458   0x00000012   Code   RO          244    i.ILI9341_Delay     bsp_ili9341_lcd.o
    0x0800046a   0x0800046a   0x0000005e   Code   RO          248    i.ILI9341_FSMC_Config  bsp_ili9341_lcd.o
    0x080004c8   0x080004c8   0x00000020   Code   RO          249    i.ILI9341_FillColor  bsp_ili9341_lcd.o
    0x080004e8   0x080004e8   0x00000212   Code   RO          250    i.ILI9341_GPIO_Config  bsp_ili9341_lcd.o
    0x080006fa   0x080006fa   0x0000006c   Code   RO          252    i.ILI9341_GramScan  bsp_ili9341_lcd.o
    0x08000766   0x08000766   0x0000004c   Code   RO          253    i.ILI9341_Init      bsp_ili9341_lcd.o
    0x080007b2   0x080007b2   0x00000060   Code   RO          254    i.ILI9341_OpenWindow  bsp_ili9341_lcd.o
    0x08000812   0x08000812   0x00000232   Code   RO          255    i.ILI9341_REG_Config  bsp_ili9341_lcd.o
    0x08000a44   0x08000a44   0x00000030   Code   RO          257    i.ILI9341_Reset     bsp_ili9341_lcd.o
    0x08000a74   0x08000a74   0x00000008   Code   RO          349    i.ILI9341_Write_Cmd  bsp_ili9341_lcd.o
    0x08000a7c   0x08000a7c   0x0000000a   Code   RO          354    i.ILI9341_Write_Data  bsp_ili9341_lcd.o
    0x08000a86   0x08000a86   0x00000004   Code   RO           91    i.MemManage_Handler  stm32f10x_it.o
    0x08000a8a   0x08000a8a   0x000001b4   Code   RO         2289    i.NES_FrameCycle    nes_main.o
    0x08000c3e   0x08000c3e   0x00000060   Code   RO         2422    i.NES_GetJoyPadVlaue  joypad.o
    0x08000c9e   0x08000c9e   0x00000306   Code   RO         2310    i.NES_GetSpr0HitFlag  ppu.o
    0x08000fa4   0x08000fa4   0x00000010   Code   RO         2423    i.NES_JoyPadDisable  joypad.o
    0x08000fb4   0x08000fb4   0x0000001e   Code   RO         2424    i.NES_JoyPadInit    joypad.o
    0x08000fd2   0x08000fd2   0x00000022   Code   RO         2425    i.NES_JoyPadReset   joypad.o
    0x08000ff4   0x08000ff4   0x0000009e   Code   RO         2311    i.NES_LCD_Clear     ppu.o
    0x08001092   0x08001092   0x00000058   Code   RO         2312    i.NES_LCD_ClearLine  ppu.o
    0x080010ea   0x080010ea   0x00000062   Code   RO         2313    i.NES_LCD_RenderLine  ppu.o
    0x0800114c   0x0800114c   0x0000003c   Code   RO         2290    i.NES_MainLoop      nes_main.o
    0x08001188   0x08001188   0x0000023c   Code   RO         2314    i.NES_RenderBGLine  ppu.o
    0x080013c4   0x080013c4   0x00000202   Code   RO         2315    i.NES_RenderLine    ppu.o
    0x080015c6   0x080015c6   0x0000013c   Code   RO         2316    i.NES_RenderSprPattern  ppu.o
    0x08001702   0x08001702   0x00000082   Code   RO         2317    i.NES_RenderSprite16  ppu.o
    0x08001784   0x08001784   0x0000003e   Code   RO         2318    i.NES_RenderSprite88  ppu.o
    0x080017c2   0x080017c2   0x00000002   Code   RO           92    i.NMI_Handler       stm32f10x_it.o
    0x080017c4   0x080017c4   0x00000076   Code   RO          941    i.NVIC_Init         misc.o
    0x0800183a   0x0800183a   0x00000014   Code   RO          942    i.NVIC_PriorityGroupConfig  misc.o
    0x0800184e   0x0800184e   0x000000dc   Code   RO         2319    i.PPU_Init          ppu.o
    0x0800192a   0x0800192a   0x00000120   Code   RO         2320    i.PPU_MemRead       ppu.o
    0x08001a4a   0x08001a4a   0x000000ee   Code   RO         2321    i.PPU_MemWrite      ppu.o
    0x08001b38   0x08001b38   0x00000064   Code   RO         2322    i.PPU_NameTablesRead  ppu.o
    0x08001b9c   0x08001b9c   0x00000068   Code   RO         2323    i.PPU_NameTablesWrite  ppu.o
    0x08001c04   0x08001c04   0x000000d0   Code   RO         2324    i.PPU_RegRead       ppu.o
    0x08001cd4   0x08001cd4   0x000000e6   Code   RO         2325    i.PPU_RegWrite      ppu.o
    0x08001dba   0x08001dba   0x00000002   Code   RO           93    i.PendSV_Handler    stm32f10x_it.o
    0x08001dbc   0x08001dbc   0x00000032   Code   RO          562    i.RCC_AHBPeriphClockCmd  stm32f10x_rcc.o
    0x08001dee   0x08001dee   0x00000032   Code   RO          563    i.RCC_APB1PeriphClockCmd  stm32f10x_rcc.o
    0x08001e20   0x08001e20   0x00000032   Code   RO          565    i.RCC_APB2PeriphClockCmd  stm32f10x_rcc.o
    0x08001e52   0x08001e52   0x00000002   Code   RO           94    i.SVC_Handler       stm32f10x_it.o
    0x08001e54   0x08001e54   0x00000008   Code   RO          181    i.SetSysClock       system_stm32f10x.o
    0x08001e5c   0x08001e5c   0x0000011e   Code   RO          182    i.SetSysClockTo72   system_stm32f10x.o
    0x08001f7a   0x08001f7a   0x000000a8   Code   RO         1720    i.SprDMA            6502.o
    0x08002022   0x08002022   0x00000002   Code   RO           95    i.SysTick_Handler   stm32f10x_it.o
    0x08002024   0x08002024   0x0000006c   Code   RO          184    i.SystemInit        system_stm32f10x.o
    0x08002090   0x08002090   0x00000074   Code   RO          379    i.TIM3_Config       timer.o
    0x08002104   0x08002104   0x00000064   Code   RO           96    i.TIM3_IRQHandler   stm32f10x_it.o
    0x08002168   0x08002168   0x00000006   Code   RO         1108    i.TIM_ClearITPendingBit  stm32f10x_tim.o
    0x0800216e   0x0800216e   0x00000018   Code   RO         1113    i.TIM_Cmd           stm32f10x_tim.o
    0x08002186   0x08002186   0x00000022   Code   RO         1134    i.TIM_GetITStatus   stm32f10x_tim.o
    0x080021a8   0x080021a8   0x00000012   Code   RO         1138    i.TIM_ITConfig      stm32f10x_tim.o
    0x080021ba   0x080021ba   0x000000c2   Code   RO         1184    i.TIM_TimeBaseInit  stm32f10x_tim.o
    0x0800227c   0x0800227c   0x00000004   Code   RO           97    i.UsageFault_Handler  stm32f10x_it.o
    0x08002280   0x08002280   0x0000000e   Code   RO         2487    i.__scatterload_copy  mc_w.l(handlers.o)
    0x0800228e   0x0800228e   0x00000002   Code   RO         2488    i.__scatterload_null  mc_w.l(handlers.o)
    0x08002290   0x08002290   0x0000000e   Code   RO         2489    i.__scatterload_zeroinit  mc_w.l(handlers.o)
    0x0800229e   0x0800229e   0x00000068   Code   RO         1721    i.abs6502           6502.o
    0x08002306   0x08002306   0x000000e4   Code   RO         1722    i.absx6502          6502.o
    0x080023ea   0x080023ea   0x000000e4   Code   RO         1723    i.absy6502          6502.o
    0x080024ce   0x080024ce   0x00000268   Code   RO         1724    i.adc6502           6502.o
    0x08002736   0x08002736   0x000000cc   Code   RO         1725    i.and6502           6502.o
    0x08002802   0x08002802   0x00000102   Code   RO         1726    i.asl6502           6502.o
    0x08002904   0x08002904   0x000000ba   Code   RO         1727    i.asla6502          6502.o
    0x080029be   0x080029be   0x00000098   Code   RO         1728    i.bcc6502           6502.o
    0x08002a56   0x08002a56   0x00000098   Code   RO         1729    i.bcs6502           6502.o
    0x08002aee   0x08002aee   0x00000098   Code   RO         1730    i.beq6502           6502.o
    0x08002b86   0x08002b86   0x000000a6   Code   RO         1731    i.bit6502           6502.o
    0x08002c2c   0x08002c2c   0x00000098   Code   RO         1732    i.bmi6502           6502.o
    0x08002cc4   0x08002cc4   0x00000098   Code   RO         1733    i.bne6502           6502.o
    0x08002d5c   0x08002d5c   0x00000098   Code   RO         1734    i.bpl6502           6502.o
    0x08002df4   0x08002df4   0x00000058   Code   RO         1735    i.bra6502           6502.o
    0x08002e4c   0x08002e4c   0x000000be   Code   RO         1736    i.brk6502           6502.o
    0x08002f0a   0x08002f0a   0x00000098   Code   RO         1737    i.bvc6502           6502.o
    0x08002fa2   0x08002fa2   0x00000098   Code   RO         1738    i.bvs6502           6502.o
    0x0800303a   0x0800303a   0x0000001a   Code   RO         1739    i.clc6502           6502.o
    0x08003054   0x08003054   0x0000001a   Code   RO         1740    i.cld6502           6502.o
    0x0800306e   0x0800306e   0x0000001a   Code   RO         1741    i.cli6502           6502.o
    0x08003088   0x08003088   0x0000001a   Code   RO         1742    i.clv6502           6502.o
    0x080030a2   0x080030a2   0x0000011c   Code   RO         1743    i.cmp6502           6502.o
    0x080031be   0x080031be   0x0000011c   Code   RO         1744    i.cpx6502           6502.o
    0x080032da   0x080032da   0x0000011c   Code   RO         1745    i.cpy6502           6502.o
    0x080033f6   0x080033f6   0x00000092   Code   RO         1746    i.dea6502           6502.o
    0x08003488   0x08003488   0x000000d8   Code   RO         1747    i.dec6502           6502.o
    0x08003560   0x08003560   0x00000092   Code   RO         1748    i.dex6502           6502.o
    0x080035f2   0x080035f2   0x00000092   Code   RO         1749    i.dey6502           6502.o
    0x08003684   0x08003684   0x000000c0   Code   RO         1750    i.eor6502           6502.o
    0x08003744   0x08003744   0x000000f6   Code   RO         1751    i.exec6502          6502.o
    0x0800383a   0x0800383a   0x00000094   Code   RO          216    i.fc_init           fc_key.o
    0x080038ce   0x080038ce   0x00000032   Code   RO          217    i.fc_read           fc_key.o
    0x08003900   0x08003900   0x0000009e   Code   RO         1752    i.get6502memory     6502.o
    0x0800399e   0x0800399e   0x0000002c   Code   RO         1753    i.immediate6502     6502.o
    0x080039ca   0x080039ca   0x00000002   Code   RO         1754    i.implied6502       6502.o
    0x080039cc   0x080039cc   0x00000092   Code   RO         1755    i.ina6502           6502.o
    0x08003a5e   0x08003a5e   0x000000d8   Code   RO         1756    i.inc6502           6502.o
    0x08003b36   0x08003b36   0x00000082   Code   RO         1757    i.indabsx6502       6502.o
    0x08003bb8   0x08003bb8   0x000000aa   Code   RO         1758    i.indirect6502      6502.o
    0x08003c62   0x08003c62   0x0000007e   Code   RO         1759    i.indx6502          6502.o
    0x08003ce0   0x08003ce0   0x000000ee   Code   RO         1760    i.indy6502          6502.o
    0x08003dce   0x08003dce   0x00000072   Code   RO         1761    i.indzp6502         6502.o
    0x08003e40   0x08003e40   0x00000042   Code   RO         1762    i.init6502mem       6502.o
    0x08003e82   0x08003e82   0x00000092   Code   RO         1763    i.inx6502           6502.o
    0x08003f14   0x08003f14   0x00000092   Code   RO         1764    i.iny6502           6502.o
    0x08003fa6   0x08003fa6   0x000000c0   Code   RO         1765    i.irq6502           6502.o
    0x08004066   0x08004066   0x00000036   Code   RO         1766    i.jmp6502           6502.o
    0x0800409c   0x0800409c   0x000000ae   Code   RO         1767    i.jsr6502           6502.o
    0x0800414a   0x0800414a   0x000000b4   Code   RO         1768    i.lda6502           6502.o
    0x080041fe   0x080041fe   0x000000b4   Code   RO         1769    i.ldx6502           6502.o
    0x080042b2   0x080042b2   0x000000b4   Code   RO         1770    i.ldy6502           6502.o
    0x08004366   0x08004366   0x00000104   Code   RO         1771    i.lsr6502           6502.o
    0x0800446a   0x0800446a   0x000000ba   Code   RO         1772    i.lsra6502          6502.o
    0x08004524   0x08004524   0x00000012   Code   RO            1    i.main              main.o
    0x08004536   0x08004536   0x000000c0   Code   RO         1773    i.nmi6502           6502.o
    0x080045f6   0x080045f6   0x00000002   Code   RO         1774    i.nop6502           6502.o
    0x080045f8   0x080045f8   0x000000c0   Code   RO         1775    i.ora6502           6502.o
    0x080046b8   0x080046b8   0x00000036   Code   RO         1776    i.pha6502           6502.o
    0x080046ee   0x080046ee   0x00000036   Code   RO         1777    i.php6502           6502.o
    0x08004724   0x08004724   0x00000036   Code   RO         1778    i.phx6502           6502.o
    0x0800475a   0x0800475a   0x00000036   Code   RO         1779    i.phy6502           6502.o
    0x08004790   0x08004790   0x000000a8   Code   RO         1780    i.pla6502           6502.o
    0x08004838   0x08004838   0x00000034   Code   RO         1781    i.plp6502           6502.o
    0x0800486c   0x0800486c   0x000000a8   Code   RO         1782    i.plx6502           6502.o
    0x08004914   0x08004914   0x000000a8   Code   RO         1783    i.ply6502           6502.o
    0x080049bc   0x080049bc   0x00000074   Code   RO         1784    i.put6502memory     6502.o
    0x08004a30   0x08004a30   0x0000008c   Code   RO         1785    i.relative6502      6502.o
    0x08004abc   0x08004abc   0x0000009a   Code   RO         1786    i.reset6502         6502.o
    0x08004b56   0x08004b56   0x00000134   Code   RO         1787    i.rol6502           6502.o
    0x08004c8a   0x08004c8a   0x000000ec   Code   RO         1788    i.rola6502          6502.o
    0x08004d76   0x08004d76   0x00000136   Code   RO         1789    i.ror6502           6502.o
    0x08004eac   0x08004eac   0x000000ee   Code   RO         1790    i.rora6502          6502.o
    0x08004f9a   0x08004f9a   0x0000009a   Code   RO         1791    i.rti6502           6502.o
    0x08005034   0x08005034   0x0000006e   Code   RO         1792    i.rts6502           6502.o
    0x080050a2   0x080050a2   0x00000274   Code   RO         1793    i.sbc6502           6502.o
    0x08005316   0x08005316   0x0000001a   Code   RO         1794    i.sec6502           6502.o
    0x08005330   0x08005330   0x0000001a   Code   RO         1795    i.sed6502           6502.o
    0x0800534a   0x0800534a   0x0000001a   Code   RO         1796    i.sei6502           6502.o
    0x08005364   0x08005364   0x0000003a   Code   RO         1797    i.sta6502           6502.o
    0x0800539e   0x0800539e   0x0000003a   Code   RO         1798    i.stx6502           6502.o
    0x080053d8   0x080053d8   0x0000003a   Code   RO         1799    i.sty6502           6502.o
    0x08005412   0x08005412   0x00000032   Code   RO         1800    i.stz6502           6502.o
    0x08005444   0x08005444   0x00000090   Code   RO         1801    i.tax6502           6502.o
    0x080054d4   0x080054d4   0x00000090   Code   RO         1802    i.tay6502           6502.o
    0x08005564   0x08005564   0x00000094   Code   RO         1803    i.trb6502           6502.o
    0x080055f8   0x080055f8   0x00000090   Code   RO         1804    i.tsb6502           6502.o
    0x08005688   0x08005688   0x00000090   Code   RO         1805    i.tsx6502           6502.o
    0x08005718   0x08005718   0x00000090   Code   RO         1806    i.txa6502           6502.o
    0x080057a8   0x080057a8   0x00000016   Code   RO         1807    i.txs6502           6502.o
    0x080057be   0x080057be   0x00000090   Code   RO         1808    i.tya6502           6502.o
    0x0800584e   0x0800584e   0x00000032   Code   RO         1809    i.zp6502            6502.o
    0x08005880   0x08005880   0x00000052   Code   RO         1810    i.zpx6502           6502.o
    0x080058d2   0x080058d2   0x00000052   Code   RO         1811    i.zpy6502           6502.o
    0x08005924   0x08005924   0x00000c00   Data   RO         1813    .constdata          6502.o
    0x08006524   0x08006524   0x00000084   Data   RO         2327    .constdata          ppu.o
    0x080065a8   0x080065a8   0x0000a010   Data   RO         2455    .constdata          rom__mario.o
    0x080105b8   0x080105b8   0x00000020   Data   RO         2485    Region$$Table       anon$$obj.o
    0x080105d8   0x080105d8   0x00000008   Data   RO         2329    c.PPU_RegRead.00000008  ppu.o
    0x080105e0   0x080105e0   0x00000008   Data   RO         2330    c.PPU_RegWrite.0000000a  ppu.o
    0x080105e8   0x080105e8   0x00000010   Data   RO         1815    c.SprDMA.0000000a   6502.o
    0x080105f8   0x080105f8   0x0000000f   Data   RO         1816    c.get6502memory.00000014  6502.o
    0x08010607   0x08010607   0x00000008   Data   RO         1817    c.put6502memory.00000016  6502.o


    Execution Region RW_IRAM1 (Exec base: 0x20000000, Load base: 0x08010610, Size: 0x000023c0, Max: 0x00010000, ABSOLUTE)

    Exec Addr    Load Addr    Size         Type   Attr      Idx    E Section Name        Object

    0x20000000   0x08010610   0x00000004   Data   RW           98    .data               stm32f10x_it.o
    0x20000004   0x08010614   0x00000005   Data   RW          260    .data               bsp_ili9341_lcd.o
    0x20000009   0x08010619   0x00000003   PAD
    0x2000000c   0x0801061c   0x00000030   Data   RW         1814    .data               6502.o
    0x2000003c   0x0801064c   0x00000004   Data   RW         2291    .data               nes_main.o
    0x20000040   0x08010650   0x0000000e   Data   RW         2328    .data               ppu.o
    0x2000004e   0x0801065e   0x00000002   PAD
    0x20000050        -       0x00000800   Zero   RW         1812    .bss                6502.o
    0x20000850        -       0x00000b5e   Zero   RW         2326    .bss                ppu.o
    0x200013ae   0x0801065e   0x00000002   PAD
    0x200013b0        -       0x00000010   Zero   RW         2426    .bss                joypad.o
    0x200013c0        -       0x00001000   Zero   RW          440    STACK               startup_stm32f10x_hd.o


==============================================================================

Image component sizes


      Code (inc. data)   RO Data    RW Data    ZI Data      Debug   Object Name

     13910          0       3111         48       2048      42061   6502.o
      1664          0          0          5          0       8632   bsp_ili9341_lcd.o
         0          0          0          0          0         32   core_cm3.o
       198          0          0          0          0        996   fc_key.o
       176          0          0          0         16       2241   joypad.o
        18          0          0          0          0     227287   main.o
       138          0          0          0          0       1487   misc.o
       496          0          0          4          0       1547   nes_main.o
      4100          0        148         14       2910      14046   ppu.o
         0          0      40976          0          0        395   rom__mario.o
        36          8        304          0       4096        776   startup_stm32f10x_hd.o
       280          0          0          0          0       1769   stm32f10x_fsmc.o
       304          0          0          0          0       3584   stm32f10x_gpio.o
       126          0          0          4          0      24583   stm32f10x_it.o
       150          0          0          0          0       1666   stm32f10x_rcc.o
       276          0          0          0          0       3458   stm32f10x_tim.o
       402          0          0          0          0       1745   system_stm32f10x.o
       116          0          0          0          0        638   timer.o

    ----------------------------------------------------------------------
     22390          8      44572         80       9072     336943   Object Totals
         0          0         32          0          0          0   (incl. Generated)
         0          0          1          5          2          0   (incl. Padding)

    ----------------------------------------------------------------------

      Code (inc. data)   RO Data    RW Data    ZI Data      Debug   Library Member Name

         0          0          0          0          0          0   entry.o
         0          0          0          0          0          0   entry10a.o
         0          0          0          0          0          0   entry11a.o
         4          0          0          0          0          0   entry12b.o
         8          4          0          0          0          0   entry2.o
         4          0          0          0          0          0   entry5.o
         0          0          0          0          0          0   entry7b.o
         0          0          0          0          0          0   entry8b.o
         8          4          0          0          0          0   entry9a.o
        30          0          0          0          0          0   handlers.o
        36          8          0          0          0         68   init.o
        36          0          0          0          0        108   memseta.o

    ----------------------------------------------------------------------
       126         16          0          0          0        176   Library Totals
         0          0          0          0          0          0   (incl. Padding)

    ----------------------------------------------------------------------

      Code (inc. data)   RO Data    RW Data    ZI Data      Debug   Library Name

       126         16          0          0          0        176   mc_w.l

    ----------------------------------------------------------------------
       126         16          0          0          0        176   Library Totals

    ----------------------------------------------------------------------

==============================================================================


      Code (inc. data)   RO Data    RW Data    ZI Data      Debug   

     22516         24      44572         80       9072     329159   Grand Totals
     22516         24      44572         80       9072     329159   ELF Image Totals
     22516         24      44572         80          0          0   ROM Totals

==============================================================================

    Total RO  Size (Code + RO Data)                67088 (  65.52kB)
    Total RW  Size (RW Data + ZI Data)              9152 (   8.94kB)
    Total ROM Size (Code + RO Data + RW Data)      67168 (  65.59kB)

==============================================================================

