<html>
<body>
<pre>
<h1>µVision Build Log</h1>
<h2>Tool Versions:</h2>
IDE-Version: ¦ÌVision V5.30.0.0
Copyright (C) 2020 ARM Ltd and ARM Germany GmbH. All rights reserved.
License Information: Guo JunZhe, Miaosen, LIC=PE7DL-05R6A-DYLV3-ARD91-54IUT-DIS3S
 
Tool Versions:
Toolchain:       MDK-ARM Plus  Version: 5.30.0.0
Toolchain Path:  C:\Keil_v5\ARM\ARMCC\Bin
C Compiler:      Armcc.exe V5.06 update 6 (build 750)
Assembler:       Armasm.exe V5.06 update 6 (build 750)
Linker/Locator:  ArmLink.exe V5.06 update 6 (build 750)
Library Manager: ArmAr.exe V5.06 update 6 (build 750)
Hex Converter:   FromElf.exe V5.06 update 6 (build 750)
CPU DLL:         SARMCM3.DLL V5.30.0.0
Dialog DLL:      DCM.DLL V1.17.3.0
Target DLL:      Segger\JL2CM3.dll V2.99.38.0
Dialog DLL:      TCM.DLL V1.42.0.0
 
<h2>Project:</h2>
D:\LVGL\LVGL_stm32F103\Project\RVMDK£¨uv5£©\BH-F103.uvprojx
Project File Date:  01/10/2022

<h2>Output:</h2>
*** Using Compiler 'V5.06 update 6 (build 750)', folder: 'C:\Keil_v5\ARM\ARMCC\Bin'
Build target 'LVGL'
Note: source file '..\..\User\LVGL\demos\widgets\lv_demo_widgets.c' - object file renamed from '..\..\Output\lv_demo_widgets.o' to '..\..\Output\lv_demo_widgets_1.o'.
Note: source file '..\..\User\LVGL\demos\widgets\assets\img_clothes.c' - object file renamed from '..\..\Output\img_clothes.o' to '..\..\Output\img_clothes_1.o'.
Note: source file '..\..\User\LVGL\demos\widgets\assets\img_demo_widgets_avatar.c' - object file renamed from '..\..\Output\img_demo_widgets_avatar.o' to '..\..\Output\img_demo_widgets_avatar_1.o'.
Note: source file '..\..\User\LVGL\demos\widgets\assets\img_lvgl_logo.c' - object file renamed from '..\..\Output\img_lvgl_logo.o' to '..\..\Output\img_lvgl_logo_1.o'.
assembling startup_stm32f10x_hd.s...
linking...
Program Size: Code=217386 RO-data=119950 RW-data=1264 ZI-data=61400  
FromELF: creating hex file...
"..\..\Output\stm32-lvgl.axf" - 0 Error(s), 0 Warning(s).

<h2>Software Packages used:</h2>

Package Vendor: Keil
                http://www.keil.com/pack/Keil.STM32F1xx_DFP.2.4.0.pack
                Keil.STM32F1xx_DFP.2.4.0
                STMicroelectronics STM32F1 Series Device Support, Drivers and Examples

<h2>Collection of Component include folders:</h2>
  .\RTE\_LVGL
  C:\Users\guojunzhe\AppData\Local\Arm\Packs\Keil\STM32F1xx_DFP\2.4.0\Device\Include

<h2>Collection of Component Files used:</h2>
Build Time Elapsed:  00:00:10
</pre>
</body>
</html>
