<html>
<body>
<pre>
<h1>礦ision Build Log</h1>
<h2>Tool Versions:</h2>
IDE-Version: μVision V5.30.0.0
Copyright (C) 2020 ARM Ltd and ARM Germany GmbH. All rights reserved.
License Information: Guo JunZhe, Miaosen, LIC=PE7DL-05R6A-DYLV3-ARD91-54IUT-DIS3S
 
Tool Versions:
Toolchain:       MDK-ARM Plus  Version: 5.30.0.0
Toolchain Path:  C:\Keil_v5\ARM\ARMCC\Bin
C Compiler:      Armcc.exe V5.06 update 6 (build 750)
Assembler:       Armasm.exe V5.06 update 6 (build 750)
Linker/Locator:  ArmLink.exe V5.06 update 6 (build 750)
Library Manager: ArmAr.exe V5.06 update 6 (build 750)
Hex Converter:   FromElf.exe V5.06 update 6 (build 750)
CPU DLL:         SARMCM3.DLL V5.30.0.0
Dialog DLL:      DCM.DLL V1.17.3.0
Target DLL:      Segger\JL2CM3.dll V2.99.38.0
Dialog DLL:      TCM.DLL V1.42.0.0
 
<h2>Project:</h2>
D:\资料\LVGL\STM32学习示例\stm32-lvgl\stm32-lvgl\Project\RVMDK（uv5）\BH-F103.uvprojx
Project File Date:  01/01/2022

<h2>Output:</h2>
*** Using Compiler 'V5.06 update 6 (build 750)', folder: 'C:\Keil_v5\ARM\ARMCC\Bin'
Rebuild target 'LVGL'
assembling startup_stm32f10x_hd.s...
compiling core_cm3.c...
compiling misc.c...
compiling stm32f10x_can.c...
compiling stm32f10x_bkp.c...
compiling stm32f10x_cec.c...
compiling stm32f10x_adc.c...
compiling system_stm32f10x.c...
compiling stm32f10x_crc.c...
compiling stm32f10x_dac.c...
compiling stm32f10x_dbgmcu.c...
compiling stm32f10x_dma.c...
compiling stm32f10x_gpio.c...
compiling stm32f10x_i2c.c...
compiling stm32f10x_exti.c...
compiling stm32f10x_fsmc.c...
compiling stm32f10x_flash.c...
compiling stm32f10x_iwdg.c...
compiling stm32f10x_pwr.c...
compiling stm32f10x_rcc.c...
compiling stm32f10x_spi.c...
compiling stm32f10x_rtc.c...
compiling stm32f10x_sdio.c...
compiling stm32f10x_usart.c...
compiling stm32f10x_tim.c...
compiling stm32f10x_wwdg.c...
compiling stm32f10x_it.c...
compiling bsp_usart.c...
compiling bsp_led.c...
compiling main.c...
compiling bsp_spi_flash.c...
compiling fonts.c...
compiling bsp_xpt2046_lcd.c...
compiling bsp_ili9341_lcd.c...
compiling lv_disp.c...
compiling palette.c...
compiling lv_group.c...
compiling lv_indev.c...
compiling lv_draw_arc.c...
compiling lv_refr.c...
compiling lv_draw_blend.c...
compiling lv_style.c...
compiling lv_draw_img.c...
compiling lv_draw_label.c...
compiling lv_draw_line.c...
compiling lv_obj.c...
..\..\User\gui\src\lv_core\lv_obj.c(4599): warning:  #111-D: statement is unreachable
              break;
..\..\User\gui\src\lv_core\lv_obj.c: 1 warning, 0 errors
compiling lv_draw_mask.c...
..\..\User\gui\src\lv_draw\lv_draw_mask.c(339): warning:  #111-D: statement is unreachable
          return;
..\..\User\gui\src\lv_draw\lv_draw_mask.c(350): warning:  #111-D: statement is unreachable
          return;
..\..\User\gui\src\lv_draw\lv_draw_mask.c: 2 warnings, 0 errors
compiling lv_draw_triangle.c...
compiling lv_draw_rect.c...
compiling lv_img_cache.c...
compiling lv_img_buf.c...
compiling lv_img_decoder.c...
compiling lv_font.c...
compiling lv_font_fmt_txt.c...
compiling lv_font_dejavu_16_persian_hebrew.c...
compiling lv_font_loader.c...
compiling lv_font_montserrat_8.c...
compiling lv_font_montserrat_10.c...
compiling lv_font_montserrat_12.c...
compiling lv_font_montserrat_12_subpx.c...
compiling lv_font_montserrat_16.c...
compiling lv_font_montserrat_14.c...
compiling lv_font_montserrat_18.c...
compiling lv_font_montserrat_20.c...
compiling lv_font_montserrat_26.c...
compiling lv_font_montserrat_22.c...
compiling lv_font_montserrat_24.c...
compiling lv_font_montserrat_28.c...
compiling lv_font_montserrat_28_compressed.c...
compiling lv_font_montserrat_30.c...
compiling lv_font_montserrat_32.c...
compiling lv_font_montserrat_34.c...
compiling lv_font_montserrat_38.c...
compiling lv_font_montserrat_36.c...
compiling lv_font_montserrat_40.c...
compiling lv_font_montserrat_42.c...
compiling lv_font_montserrat_44.c...
compiling lv_font_montserrat_48.c...
compiling lv_font_montserrat_46.c...
compiling lv_font_simsun_16_cjk.c...
compiling lv_anim.c...
compiling lv_area.c...
compiling lv_async.c...
compiling lv_font_unscii_16.c...
compiling lv_color.c...
compiling lv_font_unscii_8.c...
compiling lv_debug.c...
compiling lv_bidi.c...
compiling lv_fs.c...
compiling lv_ll.c...
compiling lv_log.c...
compiling lv_task.c...
compiling lv_math.c...
compiling lv_gc.c...
compiling lv_printf.c...
compiling lv_templ.c...
compiling lv_mem.c...
..\..\User\gui\src\lv_misc\lv_mem.c(511): warning:  #111-D: statement is unreachable
                  return NULL;
..\..\User\gui\src\lv_misc\lv_mem.c(521): warning:  #111-D: statement is unreachable
      return NULL;
..\..\User\gui\src\lv_misc\lv_mem.c: 2 warnings, 0 errors
compiling lv_utils.c...
compiling lv_txt_ap.c...
compiling lv_txt.c...
compiling lv_hal_disp.c...
compiling lv_hal_tick.c...
compiling lv_hal_indev.c...
compiling lv_arc.c...
compiling lv_bar.c...
compiling lv_btn.c...
compiling lv_checkbox.c...
compiling lv_calendar.c...
..\..\User\gui\src\lv_widgets\lv_calendar.c(447): warning:  #111-D: statement is unreachable
          return LV_RES_OK;
..\..\User\gui\src\lv_widgets\lv_calendar.c: 1 warning, 0 errors
compiling lv_chart.c...
compiling lv_btnmatrix.c...
compiling lv_canvas.c...
compiling lv_cont.c...
compiling lv_cpicker.c...
compiling lv_gauge.c...
compiling lv_dropdown.c...
compiling lv_imgbtn.c...
compiling lv_led.c...
compiling lv_keyboard.c...
compiling lv_img.c...
compiling lv_line.c...
compiling lv_label.c...
compiling lv_linemeter.c...
compiling lv_list.c...
compiling lv_objx_templ.c...
compiling lv_objmask.c...
compiling lv_msgbox.c...
compiling lv_slider.c...
compiling lv_roller.c...
compiling lv_page.c...
compiling lv_spinbox.c...
compiling lv_spinner.c...
compiling lv_switch.c...
compiling lv_table.c...
compiling lv_tileview.c...
compiling lv_tabview.c...
compiling lv_textarea.c...
compiling lv_win.c...
compiling lv_port_disp.c...
compiling lv_theme.c...
compiling timer.c...
compiling lv_theme_empty.c...
compiling lv_port_indev.c...
compiling lv_theme_template.c...
compiling lv_theme_mono.c...
compiling lv_theme_material.c...
compiling lv_demo_widgets.c...
linking...
Program Size: Code=224822 RO-data=31570 RW-data=972 ZI-data=63500  
FromELF: creating hex file...
"..\..\Output\stm32-lvgl.axf" - 0 Error(s), 6 Warning(s).

<h2>Software Packages used:</h2>

Package Vendor: Keil
                http://www.keil.com/pack/Keil.STM32F1xx_DFP.2.2.0.pack
                Keil.STM32F1xx_DFP.2.2.0
                STMicroelectronics STM32F1 Series Device Support, Drivers and Examples

<h2>Collection of Component include folders:</h2>
  .\RTE\_LVGL
  C:\Users\guojunzhe\AppData\Local\Arm\Packs\Keil\STM32F1xx_DFP\2.2.0\Device\Include

<h2>Collection of Component Files used:</h2>
Build Time Elapsed:  00:00:31
</pre>
</body>
</html>
